Component: ARM Compiler 5.06 update 6 (build 750) Tool: armlink [4d35ed]

==============================================================================

Section Cross References

    main.o(.text) refers to input_gpio.o(.text) for get_input_gpio_level
    main.o(.text) refers to elog.o(.text) for elog_output
    main.o(.text) refers to mb.o(.text) for eMBInit
    main.o(.text) refers to tasks.o(.text) for vTaskDelay
    main.o(.text) refers to misc.o(.text) for NVIC_PriorityGroupConfig
    main.o(.text) refers to usart.o(.text) for uart2_init
    main.o(.text) refers to gpio.o(.text) for GPIO_clk_enable
    main.o(.text) refers to output_gpio.o(.text) for output_gpios_register
    main.o(.text) refers to adc.o(.text) for adc_init
    main.o(.text) refers to encoder.o(.text) for TIM2_Cap_Init
    main.o(.text) refers to oil.o(.text) for oil_init
    main.o(.text) refers to main.o(.constdata) for .constdata
    system_stm32f10x.o(.text) refers to stm32f10x_rcc.o(.text) for RCC_HCLKConfig
    system_stm32f10x.o(.text) refers to system_stm32f10x.o(.data) for .data
    adc.o(.text) refers to stm32f10x_rcc.o(.text) for RCC_APB2PeriphClockCmd
    adc.o(.text) refers to stm32f10x_gpio.o(.text) for GPIO_Init
    adc.o(.text) refers to stm32f10x_adc.o(.text) for ADC_DeInit
    encoder.o(.text) refers to stm32f10x_rcc.o(.text) for RCC_APB1PeriphClockCmd
    encoder.o(.text) refers to stm32f10x_gpio.o(.text) for GPIO_Init
    encoder.o(.text) refers to stm32f10x_tim.o(.text) for TIM_TimeBaseInit
    encoder.o(.text) refers to misc.o(.text) for NVIC_Init
    encoder.o(.text) refers to encoder.o(.data) for .data
    gpio.o(.text) refers to _printf_percent.o(.ARM.Collect$$_printf_percent$$00000000) for _printf_percent
    gpio.o(.text) refers to _printf_d.o(.ARM.Collect$$_printf_percent$$00000009) for _printf_d
    gpio.o(.text) refers to _printf_dec.o(.text) for _printf_int_dec
    gpio.o(.text) refers to stm32f10x_rcc.o(.text) for RCC_APB2PeriphClockCmd
    gpio.o(.text) refers to port.o(.text) for vPortEnterCritical
    gpio.o(.text) refers to stm32f10x_gpio.o(.text) for GPIO_ReadOutputDataBit
    gpio.o(.text) refers to queue.o(.text) for xQueueGenericCreate
    gpio.o(.text) refers to elog.o(.text) for elog_output
    gpio.o(.text) refers to __2printf.o(.text) for __2printf
    gpio.o(.text) refers to tasks.o(.text) for xTaskCreate
    gpio.o(.text) refers to stm32f10x_exti.o(.text) for EXTI_Init
    gpio.o(.text) refers to misc.o(.text) for NVIC_Init
    gpio.o(.text) refers to stm32f10x_tim.o(.text) for TIM_SetCounter
    gpio.o(.text) refers to gpio.o(.data) for .data
    gpio.o(.text) refers to gpio.o(.constdata) for .constdata
    gpio.o(.text) refers to gpio.o(.bss) for .bss
    gpio.o(.text) refers to system_stm32f10x.o(.data) for SystemCoreClock
    sd.o(.text) refers to spi.o(.text) for SPI1_ReadWriteByte
    sd.o(.text) refers to stm32f10x_rcc.o(.text) for RCC_APB2PeriphClockCmd
    sd.o(.text) refers to stm32f10x_gpio.o(.text) for GPIO_Init
    sd.o(.text) refers to sd.o(.data) for .data
    spi.o(.text) refers to stm32f10x_rcc.o(.text) for RCC_APB2PeriphClockCmd
    spi.o(.text) refers to stm32f10x_gpio.o(.text) for GPIO_Init
    spi.o(.text) refers to stm32f10x_spi.o(.text) for SPI_Init
    spi.o(.text) refers to spi.o(.bss) for .bss
    usart.o(.text) refers (Special) to use_no_semi_2.o(.text) for __use_no_semihosting
    usart.o(.text) refers to stm32f10x_gpio.o(.text) for GPIO_SetBits
    usart.o(.text) refers to stm32f10x_rcc.o(.text) for RCC_APB1PeriphClockCmd
    usart.o(.text) refers to stm32f10x_usart.o(.text) for USART_Init
    usart.o(.data) refers (Special) to use_no_semi_2.o(.text) for __use_no_semihosting
    delay.o(.text) refers to tasks.o(.text) for xTaskGetSchedulerState
    delay.o(.text) refers to port.o(.text) for xPortSysTickHandler
    delay.o(.text) refers to misc.o(.text) for SysTick_CLKSourceConfig
    delay.o(.text) refers to system_stm32f10x.o(.data) for SystemCoreClock
    delay.o(.text) refers to delay.o(.data) for .data
    startup_stm32f10x_hd.o(STACK) refers (Special) to heapauxi.o(.text) for __use_two_region_memory
    startup_stm32f10x_hd.o(HEAP) refers (Special) to heapauxi.o(.text) for __use_two_region_memory
    startup_stm32f10x_hd.o(RESET) refers (Special) to heapauxi.o(.text) for __use_two_region_memory
    startup_stm32f10x_hd.o(RESET) refers to startup_stm32f10x_hd.o(STACK) for __initial_sp
    startup_stm32f10x_hd.o(RESET) refers to startup_stm32f10x_hd.o(.text) for Reset_Handler
    startup_stm32f10x_hd.o(RESET) refers to stm32f10x_it.o(.text) for NMI_Handler
    startup_stm32f10x_hd.o(RESET) refers to port.o(.emb_text) for SVC_Handler
    startup_stm32f10x_hd.o(RESET) refers to delay.o(.text) for SysTick_Handler
    startup_stm32f10x_hd.o(RESET) refers to gpio.o(.text) for EXTI0_IRQHandler
    startup_stm32f10x_hd.o(RESET) refers to encoder.o(.text) for TIM2_IRQHandler
    startup_stm32f10x_hd.o(RESET) refers to portserial.o(.text) for USART1_IRQHandler
[...]
    TIM_TimeBaseInit                         0x08002011   Thumb Code   114  stm32f10x_tim.o(.text)
    TIM_OC1Init                              0x08002083   Thumb Code   106  stm32f10x_tim.o(.text)
    TIM_OC2Init                              0x080020ed   Thumb Code   120  stm32f10x_tim.o(.text)
    TIM_OC3Init                              0x08002165   Thumb Code   116  stm32f10x_tim.o(.text)
    TIM_OC4Init                              0x080021d9   Thumb Code    90  stm32f10x_tim.o(.text)
    TIM_SetIC4Prescaler                      0x08002233   Thumb Code    24  stm32f10x_tim.o(.text)
    TIM_SetIC3Prescaler                      0x0800224b   Thumb Code    16  stm32f10x_tim.o(.text)
    TIM_SetIC2Prescaler                      0x0800225b   Thumb Code    24  stm32f10x_tim.o(.text)
    TIM_SetIC1Prescaler                      0x08002319   Thumb Code    16  stm32f10x_tim.o(.text)
    TIM_ICInit                               0x08002381   Thumb Code   270  stm32f10x_tim.o(.text)
    TIM_PWMIConfig                           0x0800248f   Thumb Code   104  stm32f10x_tim.o(.text)
    TIM_BDTRConfig                           0x080024f7   Thumb Code    34  stm32f10x_tim.o(.text)
    TIM_TimeBaseStructInit                   0x08002519   Thumb Code    18  stm32f10x_tim.o(.text)
    TIM_OCStructInit                         0x0800252b   Thumb Code    20  stm32f10x_tim.o(.text)
    TIM_ICStructInit                         0x0800253f   Thumb Code    16  stm32f10x_tim.o(.text)
    TIM_BDTRStructInit                       0x0800254f   Thumb Code    18  stm32f10x_tim.o(.text)
    TIM_Cmd                                  0x08002561   Thumb Code    20  stm32f10x_tim.o(.text)
    TIM_CtrlPWMOutputs                       0x08002575   Thumb Code    22  stm32f10x_tim.o(.text)
    TIM_ITConfig                             0x0800258b   Thumb Code    16  stm32f10x_tim.o(.text)
    TIM_GenerateEvent                        0x0800259b   Thumb Code     4  stm32f10x_tim.o(.text)
    TIM_DMAConfig                            0x0800259f   Thumb Code     8  stm32f10x_tim.o(.text)
    TIM_DMACmd                               0x080025a7   Thumb Code    16  stm32f10x_tim.o(.text)
    TIM_InternalClockConfig                  0x080025b7   Thumb Code    10  stm32f10x_tim.o(.text)
    TIM_SelectInputTrigger                   0x080025c1   Thumb Code    12  stm32f10x_tim.o(.text)
    TIM_ITRxExternalClockConfig              0x080025cd   Thumb Code    18  stm32f10x_tim.o(.text)
    TIM_TIxExternalClockConfig               0x080025df   Thumb Code    46  stm32f10x_tim.o(.text)
    TIM_ETRConfig                            0x0800260d   Thumb Code    24  stm32f10x_tim.o(.text)
    TIM_ETRClockMode1Config                  0x08002625   Thumb Code    18  stm32f10x_tim.o(.text)
    TIM_ETRClockMode2Config                  0x08002637   Thumb Code    18  stm32f10x_tim.o(.text)
    TIM_PrescalerConfig                      0x08002649   Thumb Code     6  stm32f10x_tim.o(.text)
    TIM_CounterModeConfig                    0x0800264f   Thumb Code    12  stm32f10x_tim.o(.text)
    TIM_EncoderInterfaceConfig               0x0800265b   Thumb Code    50  stm32f10x_tim.o(.text)
    TIM_ForcedOC1Config                      0x0800268d   Thumb Code    12  stm32f10x_tim.o(.text)
    TIM_ForcedOC2Config                      0x08002699   Thumb Code    20  stm32f10x_tim.o(.text)
    TIM_ForcedOC3Config                      0x080026ad   Thumb Code    12  stm32f10x_tim.o(.text)
    TIM_ForcedOC4Config                      0x080026b9   Thumb Code    20  stm32f10x_tim.o(.text)
    TIM_ARRPreloadConfig                     0x080026cd   Thumb Code    20  stm32f10x_tim.o(.text)
    TIM_SelectCOM                            0x080026e1   Thumb Code    20  stm32f10x_tim.o(.text)
    TIM_SelectCCDMA                          0x080026f5   Thumb Code    20  stm32f10x_tim.o(.text)
    TIM_CCPreloadControl                     0x08002709   Thumb Code    20  stm32f10x_tim.o(.text)
    TIM_OC1PreloadConfig                     0x0800271d   Thumb Code    32  stm32f10x_tim.o(.text)
    TIM_OC2PreloadConfig                     0x0800273d   Thumb Code    20  stm32f10x_tim.o(.text)
    TIM_OC3PreloadConfig                     0x08002751   Thumb Code    12  stm32f10x_tim.o(.text)
    TIM_OC4PreloadConfig                     0x0800275d   Thumb Code    20  stm32f10x_tim.o(.text)
    TIM_OC1FastConfig                        0x08002771   Thumb Code    12  stm32f10x_tim.o(.text)
    TIM_OC2FastConfig                        0x0800277d   Thumb Code    20  stm32f10x_tim.o(.text)
    TIM_OC3FastConfig                        0x08002791   Thumb Code    12  stm32f10x_tim.o(.text)
    TIM_OC4FastConfig                        0x0800279d   Thumb Code    20  stm32f10x_tim.o(.text)
    TIM_ClearOC1Ref                          0x080027b1   Thumb Code    12  stm32f10x_tim.o(.text)
    TIM_ClearOC2Ref                          0x080027bd   Thumb Code    20  stm32f10x_tim.o(.text)
    TIM_ClearOC3Ref                          0x080027d1   Thumb Code    12  stm32f10x_tim.o(.text)
    TIM_ClearOC4Ref                          0x080027dd   Thumb Code    20  stm32f10x_tim.o(.text)
    TIM_OC1PolarityConfig                    0x080027f1   Thumb Code    12  stm32f10x_tim.o(.text)
    TIM_OC1NPolarityConfig                   0x080027fd   Thumb Code    12  stm32f10x_tim.o(.text)
    TIM_OC2PolarityConfig                    0x08002809   Thumb Code    20  stm32f10x_tim.o(.text)
    TIM_OC2NPolarityConfig                   0x0800281d   Thumb Code    20  stm32f10x_tim.o(.text)
    TIM_OC3PolarityConfig                    0x08002831   Thumb Code    20  stm32f10x_tim.o(.text)
    TIM_OC3NPolarityConfig                   0x08002845   Thumb Code    20  stm32f10x_tim.o(.text)
    TIM_OC4PolarityConfig                    0x08002859   Thumb Code    20  stm32f10x_tim.o(.text)
    TIM_CCxCmd                               0x0800286d   Thumb Code    22  stm32f10x_tim.o(.text)
    TIM_CCxNCmd                              0x08002883   Thumb Code    22  stm32f10x_tim.o(.text)
    TIM_SelectOCxM                           0x08002899   Thumb Code    70  stm32f10x_tim.o(.text)
    TIM_UpdateDisableConfig                  0x080028df   Thumb Code    20  stm32f10x_tim.o(.text)
    TIM_UpdateRequestConfig                  0x080028f3   Thumb Code    20  stm32f10x_tim.o(.text)
    TIM_SelectHallSensor                     0x08002907   Thumb Code    20  stm32f10x_tim.o(.text)
    TIM_SelectOnePulseMode                   0x0800291b   Thumb Code    16  stm32f10x_tim.o(.text)
    TIM_SelectOutputTrigger                  0x0800292b   Thumb Code    16  stm32f10x_tim.o(.text)
    TIM_SelectSlaveMode                      0x0800293b   Thumb Code    16  stm32f10x_tim.o(.text)
    TIM_SelectMasterSlaveMode                0x0800294b   Thumb Code    16  stm32f10x_tim.o(.text)
    TIM_SetCounter                           0x0800295b   Thumb Code     4  stm32f10x_tim.o(.text)
    TIM_SetAutoreload                        0x0800295f   Thumb Code     4  stm32f10x_tim.o(.text)
    TIM_SetCompare1                          0x08002963   Thumb Code     4  stm32f10x_tim.o(.text)
    TIM_SetCompare2                          0x08002967   Thumb Code     4  stm32f10x_tim.o(.text)
    TIM_SetCompare3                          0x0800296b   Thumb Code     4  stm32f10x_tim.o(.text)
    TIM_SetCompare4                          0x0800296f   Thumb Code     6  stm32f10x_tim.o(.text)
    TIM_SetClockDivision                     0x08002975   Thumb Code    16  stm32f10x_tim.o(.text)
    TIM_GetCapture1                          0x08002985   Thumb Code     4  stm32f10x_tim.o(.text)
    TIM_GetCapture2                          0x08002989   Thumb Code     4  stm32f10x_tim.o(.text)
    TIM_GetCapture3                          0x0800298d   Thumb Code     4  stm32f10x_tim.o(.text)
    TIM_GetCapture4                          0x08002991   Thumb Code     6  stm32f10x_tim.o(.text)
    TIM_GetCounter                           0x08002997   Thumb Code     4  stm32f10x_tim.o(.text)
    TIM_GetPrescaler                         0x0800299b   Thumb Code     4  stm32f10x_tim.o(.text)
    TIM_GetFlagStatus                        0x0800299f   Thumb Code    14  stm32f10x_tim.o(.text)
    TIM_ClearFlag                            0x080029ad   Thumb Code     6  stm32f10x_tim.o(.text)
    TIM_GetITStatus                          0x080029b3   Thumb Code    24  stm32f10x_tim.o(.text)
    TIM_ClearITPendingBit                    0x080029cb   Thumb Code     6  stm32f10x_tim.o(.text)
    EXTI_DeInit                              0x080029d1   Thumb Code    28  stm32f10x_exti.o(.text)
    EXTI_Init                                0x080029ed   Thumb Code   108  stm32f10x_exti.o(.text)
    EXTI_StructInit                          0x08002a59   Thumb Code    14  stm32f10x_exti.o(.text)
    EXTI_GenerateSWInterrupt                 0x08002a67   Thumb Code    12  stm32f10x_exti.o(.text)
    EXTI_GetFlagStatus                       0x08002a73   Thumb Code    18  stm32f10x_exti.o(.text)
    EXTI_ClearFlag                           0x08002a85   Thumb Code     8  stm32f10x_exti.o(.text)
    EXTI_GetITStatus                         0x08002a8d   Thumb Code    28  stm32f10x_exti.o(.text)
    EXTI_ClearITPendingBit                   0x08002aa9   Thumb Code     8  stm32f10x_exti.o(.text)
    ADC_DeInit                               0x08002ab9   Thumb Code    56  stm32f10x_adc.o(.text)
    ADC_Init                                 0x08002af1   Thumb Code    62  stm32f10x_adc.o(.text)
    ADC_StructInit                           0x08002b2f   Thumb Code    18  stm32f10x_adc.o(.text)
    ADC_Cmd                                  0x08002b41   Thumb Code    20  stm32f10x_adc.o(.text)
    ADC_DMACmd                               0x08002b55   Thumb Code    20  stm32f10x_adc.o(.text)
    ADC_ITConfig                             0x08002b69   Thumb Code    18  stm32f10x_adc.o(.text)
    ADC_ResetCalibration                     0x08002b7b   Thumb Code    10  stm32f10x_adc.o(.text)
    ADC_GetResetCalibrationStatus            0x08002b85   Thumb Code    14  stm32f10x_adc.o(.text)
    ADC_StartCalibration                     0x08002b93   Thumb Code    10  stm32f10x_adc.o(.text)
    ADC_GetCalibrationStatus                 0x08002b9d   Thumb Code    14  stm32f10x_adc.o(.text)
    ADC_SoftwareStartConvCmd                 0x08002bab   Thumb Code    20  stm32f10x_adc.o(.text)
    ADC_GetSoftwareStartConvStatus           0x08002bbf   Thumb Code    14  stm32f10x_adc.o(.text)
    ADC_DiscModeChannelCountConfig           0x08002bcd   Thumb Code    16  stm32f10x_adc.o(.text)
    ADC_DiscModeCmd                          0x08002bdd   Thumb Code    20  stm32f10x_adc.o(.text)
    ADC_RegularChannelConfig                 0x08002bf1   Thumb Code   116  stm32f10x_adc.o(.text)
    ADC_ExternalTrigConvCmd                  0x08002c65   Thumb Code    20  stm32f10x_adc.o(.text)
    ADC_GetConversionValue                   0x08002c79   Thumb Code     6  stm32f10x_adc.o(.text)
    ADC_GetDualModeConversionValue           0x08002c7f   Thumb Code     8  stm32f10x_adc.o(.text)
    ADC_AutoInjectedConvCmd                  0x08002c87   Thumb Code    20  stm32f10x_adc.o(.text)
    ADC_InjectedDiscModeCmd                  0x08002c9b   Thumb Code    20  stm32f10x_adc.o(.text)
    ADC_ExternalTrigInjectedConvConfig       0x08002caf   Thumb Code    12  stm32f10x_adc.o(.text)
    ADC_ExternalTrigInjectedConvCmd          0x08002cbb   Thumb Code    20  stm32f10x_adc.o(.text)
    ADC_SoftwareStartInjectedConvCmd         0x08002ccf   Thumb Code    20  stm32f10x_adc.o(.text)
    ADC_GetSoftwareStartInjectedConvCmdStatus 0x08002ce3   Thumb Code    14  stm32f10x_adc.o(.text)
    ADC_InjectedChannelConfig                0x08002cf1   Thumb Code    74  stm32f10x_adc.o(.text)
    ADC_InjectedSequencerLengthConfig        0x08002d3b   Thumb Code    16  stm32f10x_adc.o(.text)
    ADC_SetInjectedOffset                    0x08002d4b   Thumb Code    10  stm32f10x_adc.o(.text)
    ADC_GetInjectedConversionValue           0x08002d55   Thumb Code    14  stm32f10x_adc.o(.text)
    ADC_AnalogWatchdogCmd                    0x08002d63   Thumb Code    12  stm32f10x_adc.o(.text)
    ADC_AnalogWatchdogThresholdsConfig       0x08002d6f   Thumb Code     6  stm32f10x_adc.o(.text)
    ADC_AnalogWatchdogSingleChannelConfig    0x08002d75   Thumb Code    12  stm32f10x_adc.o(.text)
    ADC_TempSensorVrefintCmd                 0x08002d81   Thumb Code    24  stm32f10x_adc.o(.text)
    ADC_GetFlagStatus                        0x08002d99   Thumb Code    14  stm32f10x_adc.o(.text)
    ADC_ClearFlag                            0x08002da7   Thumb Code     6  stm32f10x_adc.o(.text)
    ADC_GetITStatus                          0x08002dad   Thumb Code    28  stm32f10x_adc.o(.text)
    ADC_ClearITPendingBit                    0x08002dc9   Thumb Code     8  stm32f10x_adc.o(.text)
    SPI_I2S_DeInit                           0x08002de9   Thumb Code    72  stm32f10x_spi.o(.text)
    SPI_Init                                 0x08002e31   Thumb Code    56  stm32f10x_spi.o(.text)
    I2S_Init                                 0x08002e69   Thumb Code   150  stm32f10x_spi.o(.text)
    SPI_StructInit                           0x08002eff   Thumb Code    24  stm32f10x_spi.o(.text)
    I2S_StructInit                           0x08002f17   Thumb Code    18  stm32f10x_spi.o(.text)
    SPI_Cmd                                  0x08002f29   Thumb Code    20  stm32f10x_spi.o(.text)
    I2S_Cmd                                  0x08002f3d   Thumb Code    20  stm32f10x_spi.o(.text)
    SPI_I2S_ITConfig                         0x08002f51   Thumb Code    24  stm32f10x_spi.o(.text)
    SPI_I2S_DMACmd                           0x08002f69   Thumb Code    16  stm32f10x_spi.o(.text)
    SPI_I2S_SendData                         0x08002f79   Thumb Code     4  stm32f10x_spi.o(.text)
    SPI_I2S_ReceiveData                      0x08002f7d   Thumb Code     4  stm32f10x_spi.o(.text)
    SPI_NSSInternalSoftwareConfig            0x08002f81   Thumb Code    24  stm32f10x_spi.o(.text)
    SPI_SSOutputCmd                          0x08002f99   Thumb Code    20  stm32f10x_spi.o(.text)
    SPI_DataSizeConfig                       0x08002fad   Thumb Code    16  stm32f10x_spi.o(.text)
    SPI_TransmitCRC                          0x08002fbd   Thumb Code    10  stm32f10x_spi.o(.text)
    SPI_CalculateCRC                         0x08002fc7   Thumb Code    20  stm32f10x_spi.o(.text)
    SPI_GetCRC                               0x08002fdb   Thumb Code    12  stm32f10x_spi.o(.text)
    SPI_GetCRCPolynomial                     0x08002fe7   Thumb Code     4  stm32f10x_spi.o(.text)
    SPI_BiDirectionalLineConfig              0x08002feb   Thumb Code    22  stm32f10x_spi.o(.text)
    SPI_I2S_GetFlagStatus                    0x08003001   Thumb Code    14  stm32f10x_spi.o(.text)
    SPI_I2S_ClearFlag                        0x0800300f   Thumb Code     6  stm32f10x_spi.o(.text)
    SPI_I2S_GetITStatus                      0x08003015   Thumb Code    44  stm32f10x_spi.o(.text)
    SPI_I2S_ClearITPendingBit                0x08003041   Thumb Code    14  stm32f10x_spi.o(.text)
    xEventGroupCreate                        0x0800305d   Thumb Code    26  event_groups.o(.text)
    xEventGroupSetBits                       0x08003077   Thumb Code   132  event_groups.o(.text)
    xEventGroupSync                          0x080030fb   Thumb Code   174  event_groups.o(.text)
    xEventGroupWaitBits                      0x080031a9   Thumb Code   240  event_groups.o(.text)
    xEventGroupClearBits                     0x08003299   Thumb Code    56  event_groups.o(.text)
    xEventGroupGetBitsFromISR                0x080032d1   Thumb Code    26  event_groups.o(.text)
    vEventGroupDelete                        0x080032eb   Thumb Code    70  event_groups.o(.text)
    vEventGroupSetBitsCallback               0x08003331   Thumb Code     2  event_groups.o(.text)
    vEventGroupClearBitsCallback             0x08003333   Thumb Code     2  event_groups.o(.text)
    vListInitialise                          0x08003379   Thumb Code    22  list.o(.text)
    vListInitialiseItem                      0x0800338f   Thumb Code     6  list.o(.text)
    vListInsertEnd                           0x08003395   Thumb Code    24  list.o(.text)
    vListInsert                              0x080033ad   Thumb Code    48  list.o(.text)
    uxListRemove                             0x080033dd   Thumb Code    36  list.o(.text)
    xQueueGenericReset                       0x08003401   Thumb Code   128  queue.o(.text)
    xQueueGenericCreate                      0x08003481   Thumb Code    72  queue.o(.text)
    xQueueGenericSend                        0x08003619   Thumb Code   350  queue.o(.text)
    xQueueCreateMutex                        0x08003777   Thumb Code    36  queue.o(.text)
    xQueueGiveMutexRecursive                 0x0800379b   Thumb Code    56  queue.o(.text)
    xQueueGenericReceive                     0x08003825   Thumb Code   356  queue.o(.text)
    xQueueTakeMutexRecursive                 0x08003989   Thumb Code    68  queue.o(.text)
    xQueueCreateCountingSemaphore            0x080039cd   Thumb Code    62  queue.o(.text)
    xQueueGenericSendFromISR                 0x08003a0b   Thumb Code   200  queue.o(.text)
    xQueueGiveFromISR                        0x08003ad3   Thumb Code   172  queue.o(.text)
    xQueueReceiveFromISR                     0x08003b7f   Thumb Code   150  queue.o(.text)
    xQueuePeekFromISR                        0x08003c15   Thumb Code   114  queue.o(.text)
    uxQueueMessagesWaiting                   0x08003c87   Thumb Code    36  queue.o(.text)
    uxQueueSpacesAvailable                   0x08003cab   Thumb Code    40  queue.o(.text)
    uxQueueMessagesWaitingFromISR            0x08003cd3   Thumb Code    26  queue.o(.text)
    vQueueUnregisterQueue                    0x08003ced   Thumb Code    36  queue.o(.text)
    vQueueDelete                             0x08003d11   Thumb Code    38  queue.o(.text)
    xQueueIsQueueEmptyFromISR                0x08003d37   Thumb Code    34  queue.o(.text)
    xQueueIsQueueFullFromISR                 0x08003d59   Thumb Code    38  queue.o(.text)
    vQueueAddToRegistry                      0x08003d7f   Thumb Code    32  queue.o(.text)
    pcQueueGetName                           0x08003d9f   Thumb Code    34  queue.o(.text)
    vQueueWaitForMessageRestricted           0x08003dc1   Thumb Code    68  queue.o(.text)
    xQueueCreateSet                          0x08003e05   Thumb Code     8  queue.o(.text)
    xQueueAddToSet                           0x08003e0d   Thumb Code    34  queue.o(.text)
    xQueueRemoveFromSet                      0x08003e2f   Thumb Code    34  queue.o(.text)
    xQueueSelectFromSet                      0x08003e51   Thumb Code    18  queue.o(.text)
    xQueueSelectFromSetFromISR               0x08003e63   Thumb Code    18  queue.o(.text)
    xTaskCreate                              0x08003f57   Thumb Code    86  tasks.o(.text)
    vTaskDelete                              0x08003fad   Thumb Code   154  tasks.o(.text)
    xTaskIncrementTick                       0x08004047   Thumb Code   186  tasks.o(.text)
    xTaskResumeAll                           0x08004101   Thumb Code   182  tasks.o(.text)
    vTaskSuspendAll                          0x0800421d   Thumb Code    10  tasks.o(.text)
    vTaskDelayUntil                          0x08004227   Thumb Code   180  tasks.o(.text)
    vTaskDelay                               0x080042db   Thumb Code    66  tasks.o(.text)
    eTaskGetState                            0x0800431d   Thumb Code    94  tasks.o(.text)
    uxTaskPriorityGet                        0x0800437b   Thumb Code    24  tasks.o(.text)
    uxTaskPriorityGetFromISR                 0x08004393   Thumb Code    40  tasks.o(.text)
    vTaskPrioritySet                         0x080043bb   Thumb Code   184  tasks.o(.text)
    vTaskSwitchContext                       0x08004473   Thumb Code    84  tasks.o(.text)
    vTaskSuspend                             0x080044c7   Thumb Code   156  tasks.o(.text)
    vTaskResume                              0x08004593   Thumb Code   116  tasks.o(.text)
    xTaskResumeFromISR                       0x08004607   Thumb Code   126  tasks.o(.text)
    vTaskStartScheduler                      0x080046a3   Thumb Code   132  tasks.o(.text)
    vTaskEndScheduler                        0x08004727   Thumb Code    24  tasks.o(.text)
    xTaskGetTickCount                        0x0800473f   Thumb Code     6  tasks.o(.text)
    xTaskGetTickCountFromISR                 0x08004745   Thumb Code    12  tasks.o(.text)
    uxTaskGetNumberOfTasks                   0x08004751   Thumb Code     6  tasks.o(.text)
    pcTaskGetName                            0x08004757   Thumb Code    38  tasks.o(.text)
    vTaskPlaceOnEventList                    0x0800477d   Thumb Code    46  tasks.o(.text)
    vTaskPlaceOnUnorderedEventList           0x080047ab   Thumb Code    78  tasks.o(.text)
    vTaskPlaceOnEventListRestricted          0x080047f9   Thumb Code    54  tasks.o(.text)
    xTaskRemoveFromEventList                 0x0800482f   Thumb Code   104  tasks.o(.text)
    xTaskRemoveFromUnorderedEventList        0x08004897   Thumb Code   116  tasks.o(.text)
    vTaskSetTimeOutState                     0x0800490b   Thumb Code    34  tasks.o(.text)
    xTaskCheckForTimeOut                     0x0800492d   Thumb Code   102  tasks.o(.text)
    vTaskMissedYield                         0x08004993   Thumb Code     8  tasks.o(.text)
    xTaskGetCurrentTaskHandle                0x0800499b   Thumb Code     6  tasks.o(.text)
    xTaskGetSchedulerState                   0x080049a1   Thumb Code    22  tasks.o(.text)
    vTaskPriorityInherit                     0x080049b7   Thumb Code   124  tasks.o(.text)
    xTaskPriorityDisinherit                  0x08004a33   Thumb Code   144  tasks.o(.text)
    uxTaskResetEventItemValue                0x08004ac3   Thumb Code    20  tasks.o(.text)
    pvTaskIncrementMutexHeldCount            0x08004ad7   Thumb Code    18  tasks.o(.text)
    ulTaskNotifyTake                         0x08004ae9   Thumb Code   112  tasks.o(.text)
    xTaskNotifyWait                          0x08004b59   Thumb Code   128  tasks.o(.text)
    xTaskGenericNotify                       0x08004bd9   Thumb Code   190  tasks.o(.text)
    xTaskGenericNotifyFromISR                0x08004c97   Thumb Code   228  tasks.o(.text)
    vTaskNotifyGiveFromISR                   0x08004d7b   Thumb Code   168  tasks.o(.text)
    xTaskNotifyStateClear                    0x08004e23   Thumb Code    44  tasks.o(.text)
    xTimerGenericCommand                     0x08004fc5   Thumb Code    98  timers.o(.text)
    xTimerCreateTimerTask                    0x0800514b   Thumb Code    58  timers.o(.text)
    xTimerCreate                             0x08005185   Thumb Code    72  timers.o(.text)
    xTimerGetTimerDaemonTaskHandle           0x080051cd   Thumb Code    24  timers.o(.text)
    xTimerGetPeriod                          0x080051e5   Thumb Code    22  timers.o(.text)
    xTimerGetExpiryTime                      0x080051fb   Thumb Code    22  timers.o(.text)
    pcTimerGetName                           0x08005211   Thumb Code    22  timers.o(.text)
    xTimerIsTimerActive                      0x08005227   Thumb Code    40  timers.o(.text)
    pvTimerGetTimerID                        0x0800524f   Thumb Code    32  timers.o(.text)
    vTimerSetTimerID                         0x0800526f   Thumb Code    34  timers.o(.text)
    xTimerPendFunctionCallFromISR            0x08005291   Thumb Code    34  timers.o(.text)
    xTimerPendFunctionCall                   0x080052b3   Thumb Code    60  timers.o(.text)
    pxPortInitialiseStack                    0x080054cb   Thumb Code    32  port.o(.text)
    vPortSetupTimerInterrupt                 0x080054eb   Thumb Code    26  port.o(.text)
    xPortStartScheduler                      0x08005505   Thumb Code   108  port.o(.text)
    vPortEndScheduler                        0x08005571   Thumb Code    24  port.o(.text)
    vPortEnterCritical                       0x08005589   Thumb Code    52  port.o(.text)
    vPortExitCritical                        0x080055bd   Thumb Code    34  port.o(.text)
    xPortSysTickHandler                      0x080055df   Thumb Code    40  port.o(.text)
    vPortValidateInterruptPriority           0x08005607   Thumb Code    72  port.o(.text)
    pvPortMalloc                             0x080056e9   Thumb Code   214  heap_4.o(.text)
    vPortFree                                0x080057bf   Thumb Code    96  heap_4.o(.text)
    xPortGetFreeHeapSize                     0x0800581f   Thumb Code     8  heap_4.o(.text)
    xPortGetMinimumEverFreeHeapSize          0x08005827   Thumb Code     8  heap_4.o(.text)
    vPortInitialiseBlocks                    0x0800582f   Thumb Code     2  heap_4.o(.text)
    eMBInit                                  0x080058b5   Thumb Code    96  mb.o(.text)
    eMBRegisterCB                            0x08005915   Thumb Code   108  mb.o(.text)
    eMBClose                                 0x08005981   Thumb Code    28  mb.o(.text)
    eMBEnable                                0x0800599d   Thumb Code    28  mb.o(.text)
    eMBDisable                               0x080059b9   Thumb Code    28  mb.o(.text)
    eMBPoll                                  0x080059d5   Thumb Code   172  mb.o(.text)
    eMBFuncReadCoils                         0x08005aa1   Thumb Code   114  mbfunccoils.o(.text)
    eMBFuncWriteCoil                         0x08005b13   Thumb Code    86  mbfunccoils.o(.text)
    eMBFuncWriteMultipleCoils                0x08005b69   Thumb Code   100  mbfunccoils.o(.text)
    eMBFuncReadDiscreteInputs                0x08005bcd   Thumb Code   114  mbfuncdisc.o(.text)
    eMBFuncWriteHoldingRegister              0x08005c3f   Thumb Code    50  mbfuncholding.o(.text)
    eMBFuncWriteMultipleHoldingRegister      0x08005c71   Thumb Code    78  mbfuncholding.o(.text)
    eMBFuncReadHoldingRegister               0x08005cbf   Thumb Code   100  mbfuncholding.o(.text)
    eMBFuncReadWriteMultipleHoldingRegister  0x08005d23   Thumb Code   156  mbfuncholding.o(.text)
    eMBFuncReadInputRegister                 0x08005dbf   Thumb Code    98  mbfuncinput.o(.text)
    eMBSetSlaveID                            0x08005e21   Thumb Code    64  mbfuncother.o(.text)
    eMBFuncReportSlaveID                     0x08005e61   Thumb Code    26  mbfuncother.o(.text)
    xMBUtilSetBits                           0x08005e85   Thumb Code    42  mbutils.o(.text)
    xMBUtilGetBits                           0x08005eaf   Thumb Code    34  mbutils.o(.text)
    prveMBError2Exception                    0x08005ed1   Thumb Code    24  mbutils.o(.text)
    usMBCRC16                                0x08005ee9   Thumb Code    38  mbcrc.o(.text)
    eMBRTUInit                               0x08005f15   Thumb Code    72  mbrtu.o(.text)
    eMBRTUStart                              0x08005f5d   Thumb Code    32  mbrtu.o(.text)
    eMBRTUStop                               0x08005f7d   Thumb Code    26  mbrtu.o(.text)
    eMBRTUReceive                            0x08005f97   Thumb Code    66  mbrtu.o(.text)
    eMBRTUSend                               0x08005fd9   Thumb Code   126  mbrtu.o(.text)
    xMBRTUReceiveFSM                         0x08006057   Thumb Code    88  mbrtu.o(.text)
    xMBRTUTransmitFSM                        0x080060af   Thumb Code    76  mbrtu.o(.text)
    xMBRTUTimerT35Expired                    0x080060fb   Thumb Code    36  mbrtu.o(.text)
    WriteSRegInBuf                           0x0800612d   Thumb Code    32  user_mb_app.o(.text)
    eMBRegInputCB                            0x080061bb   Thumb Code    64  user_mb_app.o(.text)
    eMBRegHoldingCB                          0x080061fb   Thumb Code   134  user_mb_app.o(.text)
    eMBRegCoilsCB                            0x08006281   Thumb Code   204  user_mb_app.o(.text)
    eMBRegDiscreteCB                         0x0800634d   Thumb Code   110  user_mb_app.o(.text)
    xMBPortEventInit                         0x08006441   Thumb Code    10  portevent.o(.text)
    xMBPortEventPost                         0x0800644b   Thumb Code    12  portevent.o(.text)
    xMBPortEventGet                          0x08006457   Thumb Code    24  portevent.o(.text)
    vMBPortSerialEnable                      0x08006475   Thumb Code    82  portserial.o(.text)
    xMBPortSerialInit                        0x080064c7   Thumb Code   230  portserial.o(.text)
    xMBPortSerialPutByte                     0x080065ad   Thumb Code    14  portserial.o(.text)
    xMBPortSerialGetByte                     0x080065bb   Thumb Code    16  portserial.o(.text)
    USART1_IRQHandler                        0x080065cb   Thumb Code    70  portserial.o(.text)
    xMBPortTimersInit                        0x08006621   Thumb Code   114  porttimer.o(.text)
    vMBPortTimersEnable                      0x08006693   Thumb Code    42  porttimer.o(.text)
    vMBPortTimersDisable                     0x080066bd   Thumb Code    42  porttimer.o(.text)
    TIM5_IRQHandler                          0x080066e7   Thumb Code    36  porttimer.o(.text)
    elog_port_output                         0x08006719   Thumb Code     8  elog_port.o(.text)
    elog_port_init                           0x08006747   Thumb Code    94  elog_port.o(.text)
    elog_port_output_lock                    0x080067a5   Thumb Code    14  elog_port.o(.text)
    elog_port_output_unlock                  0x080067b3   Thumb Code    14  elog_port.o(.text)
    elog_port_get_time                       0x080067c1   Thumb Code    98  elog_port.o(.text)
    elog_port_get_p_info                     0x08006823   Thumb Code     4  elog_port.o(.text)
    elog_port_get_t_info                     0x08006827   Thumb Code    14  elog_port.o(.text)
    elog_async_output_notice                 0x08006835   Thumb Code    14  elog_port.o(.text)
    elog_output_unlock                       0x08006881   Thumb Code    28  elog.o(.text)
    elog_output_lock                         0x080068eb   Thumb Code    28  elog.o(.text)
    elog_get_filter_tag_lvl                  0x08006907   Thumb Code   142  elog.o(.text)
    elog_output                              0x08006995   Thumb Code   668  elog.o(.text)
    elog_set_filter_lvl                      0x08006c31   Thumb Code   246  elog.o(.text)
    elog_output_lock_enabled                 0x08006d27   Thumb Code    40  elog.o(.text)
    elog_init                                0x08006d4f   Thumb Code   106  elog.o(.text)
    elog_set_output_enabled                  0x08006db9   Thumb Code     8  elog.o(.text)
    elog_start                               0x08006dc1   Thumb Code    52  elog.o(.text)
    elog_stop                                0x08006df5   Thumb Code    54  elog.o(.text)
    elog_get_output_enabled                  0x08006e2b   Thumb Code     8  elog.o(.text)
    elog_set_fmt                             0x08006e33   Thumb Code    84  elog.o(.text)
    elog_set_filter_kw                       0x08006e87   Thumb Code    12  elog.o(.text)
    elog_set_filter_tag                      0x08006e93   Thumb Code    12  elog.o(.text)
    elog_set_filter                          0x08006e9f   Thumb Code    96  elog.o(.text)
    elog_set_filter_tag_lvl                  0x08006eff   Thumb Code   328  elog.o(.text)
    elog_raw                                 0x08007047   Thumb Code    64  elog.o(.text)
    elog_assert_set_hook                     0x08007087   Thumb Code     6  elog.o(.text)
    elog_find_lvl                            0x0800708d   Thumb Code   592  elog.o(.text)
    elog_find_tag                            0x080072dd   Thumb Code   306  elog.o(.text)
    elog_hexdump                             0x0800740f   Thumb Code   776  elog.o(.text)
    elog_async_get_log                       0x08007747   Thumb Code   116  elog_async.o(.text)
    elog_async_output                        0x080077bb   Thumb Code    40  elog_async.o(.text)
    elog_async_enabled                       0x080077e3   Thumb Code     6  elog_async.o(.text)
    elog_async_init                          0x080077e9   Thumb Code    16  elog_async.o(.text)
    elog_async_deinit                        0x080077f9   Thumb Code    14  elog_async.o(.text)
    elog_strcpy                              0x0800787d   Thumb Code   146  elog_utils.o(.text)
    elog_cpyln                               0x0800790f   Thumb Code   174  elog_utils.o(.text)
    elog_memcpy                              0x080079bd   Thumb Code   144  elog_utils.o(.text)
    input_gpios_register                     0x08007ab9   Thumb Code   242  input_gpio.o(.text)
    get_input_gpio_level                     0x08007bab   Thumb Code    10  input_gpio.o(.text)
    input_gpios_it_register                  0x08007bb5   Thumb Code   210  input_gpio.o(.text)
    output_gpios_register                    0x08007e31   Thumb Code   392  output_gpio.o(.text)
    set_output_gpio_level                    0x08007fb9   Thumb Code    12  output_gpio.o(.text)
    get_output_gpio_level                    0x08007fc5   Thumb Code    12  output_gpio.o(.text)
    set_output_gpios_level                   0x08007fd1   Thumb Code    78  output_gpio.o(.text)
    get_output_gpios_level                   0x0800801f   Thumb Code    82  output_gpio.o(.text)
    read_all_formula_from_SD                 0x080081b3   Thumb Code    10  oil.o(.text)
    write_all_formula_to_SD                  0x080081bd   Thumb Code    10  oil.o(.text)
    get_oil_add_process                      0x080081c7   Thumb Code    18  oil.o(.text)
    oil_resorpt                              0x080081d9   Thumb Code    72  oil.o(.text)
    set_oil_add_process                      0x08008221   Thumb Code    24  oil.o(.text)
    alerm                                    0x08008239   Thumb Code    36  oil.o(.text)
    stop_replenish_oil                       0x0800842d   Thumb Code   224  oil.o(.text)
    start_replenish_oil                      0x0800850d   Thumb Code    40  oil.o(.text)
    formula_event_post                       0x08008721   Thumb Code    10  oil.o(.text)
    set_run_mode                             0x0800872b   Thumb Code    24  oil.o(.text)
    get_run_mode                             0x08008743   Thumb Code    18  oil.o(.text)
    auto_heating_oil                         0x08008755   Thumb Code   116  oil.o(.text)
    goto_manual_running                      0x080087c9   Thumb Code    28  oil.o(.text)
    goto_auto_running                        0x080087e5   Thumb Code    28  oil.o(.text)
    add_oil                                  0x08008801   Thumb Code   124  oil.o(.text)
    reset_alerm                              0x0800887d   Thumb Code    36  oil.o(.text)
    ev_mode_select_cb                        0x08008a19   Thumb Code    94  oil.o(.text)
    oil_init                                 0x08008a77   Thumb Code   292  oil.o(.text)
    ev_start_cb                              0x08008b9b   Thumb Code   232  oil.o(.text)
    ev_stop_cb                               0x08008c83   Thumb Code   224  oil.o(.text)
    ev_reset_cb                              0x08008d63   Thumb Code    56  oil.o(.text)
    ev_heating_temprature_reached            0x08008d9b   Thumb Code    52  oil.o(.text)
    ev_urgent_stop_cb                        0x08008dcf   Thumb Code   758  oil.o(.text)
    ev_pulse_cnt_error_cb                    0x080090c5   Thumb Code    52  oil.o(.text)
    ev_start_add_oil_cb                      0x080090f9   Thumb Code    52  oil.o(.text)
    ev_temprature_overlimit_cb               0x0800912d   Thumb Code    52  oil.o(.text)
    ev_presssure_diff_signal_cb              0x08009161   Thumb Code    52  oil.o(.text)
    ev_temperature_overload_cb               0x08009195   Thumb Code    52  oil.o(.text)
    __use_no_semihosting                     0x08009289   Thumb Code     2  use_no_semi_2.o(.text)
    vsnprintf                                0x0800928d   Thumb Code    48  vsnprintf.o(.text)
    __2printf                                0x080092c1   Thumb Code    20  __2printf.o(.text)
    __2snprintf                              0x080092d9   Thumb Code    50  __2snprintf.o(.text)
    _printf_pre_padding                      0x08009311   Thumb Code    44  _printf_pad.o(.text)
    _printf_post_padding                     0x0800933d   Thumb Code    34  _printf_pad.o(.text)
    _printf_str                              0x0800935f   Thumb Code    82  _printf_str.o(.text)
    _printf_int_dec                          0x080093b1   Thumb Code   104  _printf_dec.o(.text)
    _printf_longlong_hex                     0x08009429   Thumb Code    86  _printf_hex_int_ll_ptr.o(.text)
    _printf_int_hex                          0x0800947f   Thumb Code    28  _printf_hex_int_ll_ptr.o(.text)
    _printf_ll_hex                           0x0800949b   Thumb Code    12  _printf_hex_int_ll_ptr.o(.text)
    _printf_hex_ptr                          0x080094a7   Thumb Code    18  _printf_hex_int_ll_ptr.o(.text)
    __printf                                 0x080094bd   Thumb Code   388  __printf_flags_ss_wp.o(.text)
    strstr                                   0x08009645   Thumb Code    36  strstr.o(.text)
    strlen                                   0x08009669   Thumb Code    62  strlen.o(.text)
    memchr                                   0x080096a7   Thumb Code    20  memchr.o(.text)
    strncmp                                  0x080096bb   Thumb Code   150  strncmp.o(.text)
    __aeabi_memcpy                           0x08009751   Thumb Code     0  rt_memcpy_v6.o(.text)
    __rt_memcpy                              0x08009751   Thumb Code   138  rt_memcpy_v6.o(.text)
    _memcpy_lastbytes                        0x080097b7   Thumb Code     0  rt_memcpy_v6.o(.text)
    __aeabi_memset                           0x080097db   Thumb Code    16  aeabi_memset.o(.text)
    __aeabi_memclr                           0x080097eb   Thumb Code     0  rt_memclr.o(.text)
    __rt_memclr                              0x080097eb   Thumb Code    68  rt_memclr.o(.text)
    _memset                                  0x080097ef   Thumb Code     0  rt_memclr.o(.text)
    strncpy                                  0x0800982f   Thumb Code    86  strncpy.o(.text)
    __use_two_region_memory                  0x08009885   Thumb Code     2  heapauxi.o(.text)
    __rt_heap_escrow$2region                 0x08009887   Thumb Code     2  heapauxi.o(.text)
    __rt_heap_expand$2region                 0x08009889   Thumb Code     2  heapauxi.o(.text)
    __I$use$semihosting                      0x0800988b   Thumb Code     0  use_no_semi.o(.text)
    __use_no_semihosting_swi                 0x0800988b   Thumb Code     2  use_no_semi.o(.text)
    _printf_truncate_signed                  0x0800988d   Thumb Code    18  _printf_truncate.o(.text)
    _printf_truncate_unsigned                0x0800989f   Thumb Code    18  _printf_truncate.o(.text)
    _printf_int_common                       0x080098b1   Thumb Code   178  _printf_intcommon.o(.text)
    _printf_charcount                        0x08009963   Thumb Code    40  _printf_charcount.o(.text)
    _printf_char_common                      0x08009997   Thumb Code    32  _printf_char_common.o(.text)
    _sputc                                   0x080099bd   Thumb Code    10  _sputc.o(.text)
    _snputc                                  0x080099c7   Thumb Code    16  _snputc.o(.text)
    _printf_cs_common                        0x080099d7   Thumb Code    20  _printf_char.o(.text)
    _printf_char                             0x080099eb   Thumb Code    16  _printf_char.o(.text)
    _printf_string                           0x080099fb   Thumb Code     8  _printf_char.o(.text)
    _printf_char_file                        0x08009a05   Thumb Code    32  _printf_char_file.o(.text)
    _printf_wctomb                           0x08009a29   Thumb Code   182  _printf_wctomb.o(.text)
    _printf_longlong_dec                     0x08009ae5   Thumb Code   108  _printf_longlong_dec.o(.text)
    _printf_longlong_oct                     0x08009b61   Thumb Code    66  _printf_oct_int_ll.o(.text)
    _printf_int_oct                          0x08009ba3   Thumb Code    24  _printf_oct_int_ll.o(.text)
    _printf_ll_oct                           0x08009bbb   Thumb Code    12  _printf_oct_int_ll.o(.text)
    __aeabi_memcpy4                          0x08009bd1   Thumb Code     0  rt_memcpy_w.o(.text)
    __aeabi_memcpy8                          0x08009bd1   Thumb Code     0  rt_memcpy_w.o(.text)
    __rt_memcpy_w                            0x08009bd1   Thumb Code   100  rt_memcpy_w.o(.text)
    _memcpy_lastbytes_aligned                0x08009c19   Thumb Code     0  rt_memcpy_w.o(.text)
    __aeabi_memclr4                          0x08009c35   Thumb Code     0  rt_memclr_w.o(.text)
    __aeabi_memclr8                          0x08009c35   Thumb Code     0  rt_memclr_w.o(.text)
    __rt_memclr_w                            0x08009c35   Thumb Code    78  rt_memclr_w.o(.text)
    _memset_w                                0x08009c39   Thumb Code     0  rt_memclr_w.o(.text)
    _ll_udiv10                               0x08009c83   Thumb Code   138  lludiv10.o(.text)
    __lib_sel_fp_printf                      0x08009d0d   Thumb Code     2  _printf_fp_dec.o(.text)
    _printf_fp_dec_real                      0x08009ebf   Thumb Code   620  _printf_fp_dec.o(.text)
    _printf_fp_hex_real                      0x0800a12d   Thumb Code   756  _printf_fp_hex.o(.text)
    _printf_lcs_common                       0x0800a429   Thumb Code    20  _printf_wchar.o(.text)
    _printf_wchar                            0x0800a43d   Thumb Code    16  _printf_wchar.o(.text)
    _printf_wstring                          0x0800a44d   Thumb Code     8  _printf_wchar.o(.text)
    ferror                                   0x0800a455   Thumb Code     8  ferror.o(.text)
    _wcrtomb                                 0x0800a45d   Thumb Code    64  _wcrtomb.o(.text)
    __user_setup_stackheap                   0x0800a49d   Thumb Code    74  sys_stackheap_outer.o(.text)
    __rt_ctype_table                         0x0800a4e9   Thumb Code    16  rt_ctype_table.o(.text)
    __rt_locale                              0x0800a4f9   Thumb Code     8  rt_locale_intlibspace.o(.text)
    _printf_fp_infnan                        0x0800a501   Thumb Code   112  _printf_fp_infnan.o(.text)
    _btod_etento                             0x0800a581   Thumb Code   224  bigflt0.o(.text)
    exit                                     0x0800a665   Thumb Code    18  exit.o(.text)
    __user_libspace                          0x0800a679   Thumb Code     8  libspace.o(.text)
    __user_perproc_libspace                  0x0800a679   Thumb Code     0  libspace.o(.text)
    __user_perthread_libspace                0x0800a679   Thumb Code     0  libspace.o(.text)
    strcmp                                   0x0800a681   Thumb Code   128  strcmpv7m.o(.text)
    _btod_d2e                                0x0800a701   Thumb Code    62  btod.o(CL$$btod_d2e)
    _d2e_denorm_low                          0x0800a73f   Thumb Code    70  btod.o(CL$$btod_d2e_denorm_low)
    _d2e_norm_op1                            0x0800a785   Thumb Code    96  btod.o(CL$$btod_d2e_norm_op1)
    __btod_div_common                        0x0800a7e5   Thumb Code   696  btod.o(CL$$btod_div_common)
    _e2e                                     0x0800ab1d   Thumb Code   220  btod.o(CL$$btod_e2e)
    _btod_ediv                               0x0800abf9   Thumb Code    42  btod.o(CL$$btod_ediv)
    _btod_emul                               0x0800ac23   Thumb Code    42  btod.o(CL$$btod_emul)
    __btod_mult_common                       0x0800ac4d   Thumb Code   580  btod.o(CL$$btod_mult_common)
    __ARM_fpclassify                         0x0800ae91   Thumb Code    40  fpclassify.o(i.__ARM_fpclassify)
    _is_digit                                0x0800aeb9   Thumb Code    14  __printf_wp.o(i._is_digit)
    _get_lc_numeric                          0x0800aec9   Thumb Code    44  lc_numeric_c.o(locale$$code)
    _get_lc_ctype                            0x0800aef5   Thumb Code    44  lc_ctype_c.o(locale$$code)
    __aeabi_d2f                              0x0800af21   Thumb Code     0  d2f.o(x$fpl$d2f)
    _d2f                                     0x0800af21   Thumb Code    98  d2f.o(x$fpl$d2f)
    __aeabi_dadd                             0x0800af85   Thumb Code     0  daddsub_clz.o(x$fpl$dadd)
    _dadd                                    0x0800af85   Thumb Code   332  daddsub_clz.o(x$fpl$dadd)
    __aeabi_ddiv                             0x0800b0d5   Thumb Code     0  ddiv.o(x$fpl$ddiv)
    _ddiv                                    0x0800b0d5   Thumb Code   552  ddiv.o(x$fpl$ddiv)
    __aeabi_i2d                              0x0800b385   Thumb Code     0  dflt_clz.o(x$fpl$dflt)
    _dflt                                    0x0800b385   Thumb Code    46  dflt_clz.o(x$fpl$dflt)
    __aeabi_ui2d                             0x0800b3b3   Thumb Code     0  dflt_clz.o(x$fpl$dfltu)
    _dfltu                                   0x0800b3b3   Thumb Code    38  dflt_clz.o(x$fpl$dfltu)
    __aeabi_dmul                             0x0800b3d9   Thumb Code     0  dmul.o(x$fpl$dmul)
    _dmul                                    0x0800b3d9   Thumb Code   332  dmul.o(x$fpl$dmul)
    __fpl_dnaninf                            0x0800b52d   Thumb Code   156  dnaninf.o(x$fpl$dnaninf)
    __fpl_dretinf                            0x0800b5c9   Thumb Code    12  dretinf.o(x$fpl$dretinf)
    __aeabi_dsub                             0x0800b5d5   Thumb Code     0  daddsub_clz.o(x$fpl$dsub)
    _dsub                                    0x0800b5d5   Thumb Code   464  daddsub_clz.o(x$fpl$dsub)
    __aeabi_f2d                              0x0800b7a9   Thumb Code     0  f2d.o(x$fpl$f2d)
    _f2d                                     0x0800b7a9   Thumb Code    86  f2d.o(x$fpl$f2d)
    __aeabi_fadd                             0x0800b801   Thumb Code     0  faddsub_clz.o(x$fpl$fadd)
    _fadd                                    0x0800b801   Thumb Code   196  faddsub_clz.o(x$fpl$fadd)
    __aeabi_fdiv                             0x0800b8c5   Thumb Code     0  fdiv.o(x$fpl$fdiv)
    _fdiv                                    0x0800b8c5   Thumb Code   384  fdiv.o(x$fpl$fdiv)
    __aeabi_f2uiz                            0x0800ba49   Thumb Code     0  ffixu.o(x$fpl$ffixu)
    _ffixu                                   0x0800ba49   Thumb Code    62  ffixu.o(x$fpl$ffixu)
    __aeabi_i2f                              0x0800ba89   Thumb Code     0  fflt_clz.o(x$fpl$fflt)
    _fflt                                    0x0800ba89   Thumb Code    48  fflt_clz.o(x$fpl$fflt)
    __aeabi_ui2f                             0x0800bab9   Thumb Code     0  fflt_clz.o(x$fpl$ffltu)
    _ffltu                                   0x0800bab9   Thumb Code    38  fflt_clz.o(x$fpl$ffltu)
    __aeabi_fmul                             0x0800bae1   Thumb Code     0  fmul.o(x$fpl$fmul)
    _fmul                                    0x0800bae1   Thumb Code   258  fmul.o(x$fpl$fmul)
    __fpl_fnaninf                            0x0800bbe3   Thumb Code   140  fnaninf.o(x$fpl$fnaninf)
    __fpl_fretinf                            0x0800bc6f   Thumb Code    10  fretinf.o(x$fpl$fretinf)
    __aeabi_fsub                             0x0800bc79   Thumb Code     0  faddsub_clz.o(x$fpl$fsub)
    _fsub                                    0x0800bc79   Thumb Code   234  faddsub_clz.o(x$fpl$fsub)
    _printf_fp_dec                           0x0800bd63   Thumb Code     4  printf1.o(x$fpl$printf1)
    _printf_fp_hex                           0x0800bd67   Thumb Code     4  printf2.o(x$fpl$printf2)
    __I$use$fp                               0x0800bd6a   Number         0  usenofp.o(x$fpl$usenofp)
    Region$$Table$$Base                      0x0800c370   Number         0  anon$$obj.o(Region$$Table)
    Region$$Table$$Limit                     0x0800c390   Number         0  anon$$obj.o(Region$$Table)
    __ctype                                  0x0800c3b9   Data           0  lc_ctype_c.o(locale$$data)
    SystemCoreClock                          0x20000000   Data           4  system_stm32f10x.o(.data)
    AHBPrescTable                            0x20000004   Data          16  system_stm32f10x.o(.data)
    SD_Type                                  0x20000024   Data           1  sd.o(.data)
    __stdout                                 0x20000028   Data           4  usart.o(.data)
    pxCurrentTCB                             0x20000044   Data           4  tasks.o(.data)
    pxMBFrameCBByteReceived                  0x200000d8   Data           4  mb.o(.data)
    pxMBFrameCBTransmitterEmpty              0x200000dc   Data           4  mb.o(.data)
    pxMBPortCBTimerExpired                   0x200000e0   Data           4  mb.o(.data)
    usSDiscInStart                           0x20000174   Data           2  user_mb_app.o(.data)
    usSCoilStart                             0x20000176   Data           2  user_mb_app.o(.data)
    usSRegInStart                            0x20000178   Data           2  user_mb_app.o(.data)
    usSRegHoldStart                          0x2000017a   Data           2  user_mb_app.o(.data)
    ucSDiscInBuf                             0x2000017c   Data           2  user_mb_app.o(.data)
    ucSCoilBuf                               0x2000017e   Data           3  user_mb_app.o(.data)
    WriteSRegHoldCallBack                    0x20000184   Data         200  user_mb_app.o(.data)
    elog_assert_hook                         0x20000258   Data           4  elog.o(.data)
    stop_action_to_handle                    0x20000280   Data           1  oil.o(.data)
    add_param                                0x200002a0   Data          40  oil.o(.data)
    SPI_InitStructure                        0x20000314   Data          18  spi.o(.bss)
    xQueueRegistry                           0x20000328   Data          64  queue.o(.bss)
    ucRTUBuf                                 0x20007e94   Data         256  mbrtu.o(.bss)
    usSRegInBuf                              0x20007f94   Data          20  user_mb_app.o(.bss)
    usSRegHoldBuf                            0x20007fa8   Data         100  user_mb_app.o(.bss)
    __libspace_start                         0x20009270   Data          96  libspace.o(.bss)
    __temporary_stack_top$libspace           0x200092d0   Data           0  libspace.o(.bss)



==============================================================================

Memory Map of the image

  Image Entry point : 0x08000131

  Load Region LR_IROM1 (Base: 0x08000000, Size: 0x0000c784, Max: 0x00040000, ABSOLUTE, COMPRESSED[0x0000c550])

    Execution Region ER_IROM1 (Exec base: 0x08000000, Load base: 0x08000000, Size: 0x0000c4bc, Max: 0x00040000, ABSOLUTE)

    Exec Addr    Load Addr    Size         Type   Attr      Idx    E Section Name        Object

    0x08000000   0x08000000   0x00000130   Data   RO          648    RESET               startup_stm32f10x_hd.o
    0x08000130   0x08000130   0x00000008   Code   RO         1640  * !!!main             c_w.l(__main.o)
    0x08000138   0x08000138   0x00000034   Code   RO         1971    !!!scatter          c_w.l(__scatter.o)
    0x0800016c   0x0800016c   0x0000005a   Code   RO         1969    !!dczerorl2         c_w.l(__dczerorl2.o)
    0x080001c6   0x080001c6   0x00000002   PAD
    0x080001c8   0x080001c8   0x0000001c   Code   RO         1973    !!handler_zi        c_w.l(__scatter_zi.o)
    0x080001e4   0x080001e4   0x00000000   Code   RO         1621    .ARM.Collect$$_printf_percent$$00000000  c_w.l(_printf_percent.o)
    0x080001e4   0x080001e4   0x00000006   Code   RO         1716    .ARM.Collect$$_printf_percent$$00000001  c_w.l(_printf_n.o)
    0x080001ea   0x080001ea   0x00000006   Code   RO         1717    .ARM.Collect$$_printf_percent$$00000002  c_w.l(_printf_p.o)
    0x080001f0   0x080001f0   0x00000006   Code   RO         1721    .ARM.Collect$$_printf_percent$$00000003  c_w.l(_printf_f.o)
    0x080001f6   0x080001f6   0x00000006   Code   RO         1722    .ARM.Collect$$_printf_percent$$00000004  c_w.l(_printf_e.o)
    0x080001fc   0x080001fc   0x00000006   Code   RO         1723    .ARM.Collect$$_printf_percent$$00000005  c_w.l(_printf_g.o)
    0x08000202   0x08000202   0x00000006   Code   RO         1724    .ARM.Collect$$_printf_percent$$00000006  c_w.l(_printf_a.o)
    0x08000208   0x08000208   0x0000000a   Code   RO         1729    .ARM.Collect$$_printf_percent$$00000007  c_w.l(_printf_ll.o)
    0x08000212   0x08000212   0x00000006   Code   RO         1719    .ARM.Collect$$_printf_percent$$00000008  c_w.l(_printf_i.o)
    0x08000218   0x08000218   0x00000006   Code   RO         1620    .ARM.Collect$$_printf_percent$$00000009  c_w.l(_printf_d.o)
    0x0800021e   0x0800021e   0x00000006   Code   RO         1720    .ARM.Collect$$_printf_percent$$0000000A  c_w.l(_printf_u.o)
    0x08000224   0x08000224   0x00000006   Code   RO         1718    .ARM.Collect$$_printf_percent$$0000000B  c_w.l(_printf_o.o)
    0x0800022a   0x0800022a   0x00000006   Code   RO         1619    .ARM.Collect$$_printf_percent$$0000000C  c_w.l(_printf_x.o)
    0x08000230   0x08000230   0x00000006   Code   RO         1726    .ARM.Collect$$_printf_percent$$0000000D  c_w.l(_printf_lli.o)
    0x08000236   0x08000236   0x00000006   Code   RO         1727    .ARM.Collect$$_printf_percent$$0000000E  c_w.l(_printf_lld.o)
    0x0800023c   0x0800023c   0x00000006   Code   RO         1728    .ARM.Collect$$_printf_percent$$0000000F  c_w.l(_printf_llu.o)
    0x08000242   0x08000242   0x00000006   Code   RO         1733    .ARM.Collect$$_printf_percent$$00000010  c_w.l(_printf_llo.o)
    0x08000248   0x08000248   0x00000006   Code   RO         1734    .ARM.Collect$$_printf_percent$$00000011  c_w.l(_printf_llx.o)
    0x0800024e   0x0800024e   0x0000000a   Code   RO         1730    .ARM.Collect$$_printf_percent$$00000012  c_w.l(_printf_l.o)
    0x08000258   0x08000258   0x00000006   Code   RO         1617    .ARM.Collect$$_printf_percent$$00000013  c_w.l(_printf_c.o)
    0x0800025e   0x0800025e   0x00000006   Code   RO         1618    .ARM.Collect$$_printf_percent$$00000014  c_w.l(_printf_s.o)
    0x08000264   0x08000264   0x00000006   Code   RO         1731    .ARM.Collect$$_printf_percent$$00000015  c_w.l(_printf_lc.o)
    0x0800026a   0x0800026a   0x00000006   Code   RO         1732    .ARM.Collect$$_printf_percent$$00000016  c_w.l(_printf_ls.o)
    0x08000270   0x08000270   0x00000004   Code   RO         1725    .ARM.Collect$$_printf_percent$$00000017  c_w.l(_printf_percent_end.o)
    0x08000274   0x08000274   0x00000002   Code   RO         1834    .ARM.Collect$$libinit$$00000000  c_w.l(libinit.o)
    0x08000276   0x08000276   0x00000000   Code   RO         1850    .ARM.Collect$$libinit$$00000002  c_w.l(libinit2.o)
    0x08000276   0x08000276   0x00000000   Code   RO         1852    .ARM.Collect$$libinit$$00000004  c_w.l(libinit2.o)
    0x08000276   0x08000276   0x00000000   Code   RO         1855    .ARM.Collect$$libinit$$0000000A  c_w.l(libinit2.o)
    0x08000276   0x08000276   0x00000000   Code   RO         1857    .ARM.Collect$$libinit$$0000000C  c_w.l(libinit2.o)
    0x08000276   0x08000276   0x00000000   Code   RO         1859    .ARM.Collect$$libinit$$0000000E  c_w.l(libinit2.o)
    0x08000276   0x08000276   0x00000006   Code   RO         1860    .ARM.Collect$$libinit$$0000000F  c_w.l(libinit2.o)
    0x0800027c   0x0800027c   0x00000000   Code   RO         1862    .ARM.Collect$$libinit$$00000011  c_w.l(libinit2.o)
    0x0800027c   0x0800027c   0x0000000c   Code   RO         1863    .ARM.Collect$$libinit$$00000012  c_w.l(libinit2.o)
    0x08000288   0x08000288   0x00000000   Code   RO         1864    .ARM.Collect$$libinit$$00000013  c_w.l(libinit2.o)
    0x08000288   0x08000288   0x00000000   Code   RO         1866    .ARM.Collect$$libinit$$00000015  c_w.l(libinit2.o)
    0x08000288   0x08000288   0x0000000a   Code   RO         1867    .ARM.Collect$$libinit$$00000016  c_w.l(libinit2.o)
    0x08000292   0x08000292   0x00000000   Code   RO         1868    .ARM.Collect$$libinit$$00000017  c_w.l(libinit2.o)
    0x08000292   0x08000292   0x00000000   Code   RO         1870    .ARM.Collect$$libinit$$00000019  c_w.l(libinit2.o)
    0x08000292   0x08000292   0x00000000   Code   RO         1872    .ARM.Collect$$libinit$$0000001B  c_w.l(libinit2.o)
    0x08000292   0x08000292   0x00000000   Code   RO         1874    .ARM.Collect$$libinit$$0000001D  c_w.l(libinit2.o)
    0x08000292   0x08000292   0x00000000   Code   RO         1876    .ARM.Collect$$libinit$$0000001F  c_w.l(libinit2.o)
    0x08000292   0x08000292   0x00000000   Code   RO         1878    .ARM.Collect$$libinit$$00000021  c_w.l(libinit2.o)
    0x08000292   0x08000292   0x00000000   Code   RO         1880    .ARM.Collect$$libinit$$00000023  c_w.l(libinit2.o)
    0x08000292   0x08000292   0x00000000   Code   RO         1882    .ARM.Collect$$libinit$$00000025  c_w.l(libinit2.o)
    0x08000292   0x08000292   0x00000000   Code   RO         1886    .ARM.Collect$$libinit$$0000002C  c_w.l(libinit2.o)
    0x08000292   0x08000292   0x00000000   Code   RO         1888    .ARM.Collect$$libinit$$0000002E  c_w.l(libinit2.o)
    0x08000292   0x08000292   0x00000000   Code   RO         1890    .ARM.Collect$$libinit$$00000030  c_w.l(libinit2.o)
    0x08000292   0x08000292   0x00000000   Code   RO         1892    .ARM.Collect$$libinit$$00000032  c_w.l(libinit2.o)
    0x08000292   0x08000292   0x00000002   Code   RO         1893    .ARM.Collect$$libinit$$00000033  c_w.l(libinit2.o)
    0x08000294   0x08000294   0x00000002   Code   RO         1911    .ARM.Collect$$libshutdown$$00000000  c_w.l(libshutdown.o)
    0x08000296   0x08000296   0x00000000   Code   RO         1921    .ARM.Collect$$libshutdown$$00000002  c_w.l(libshutdown2.o)
    0x08000296   0x08000296   0x00000000   Code   RO         1923    .ARM.Collect$$libshutdown$$00000004  c_w.l(libshutdown2.o)
    0x08000296   0x08000296   0x00000000   Code   RO         1926    .ARM.Collect$$libshutdown$$00000007  c_w.l(libshutdown2.o)
    0x08000296   0x08000296   0x00000000   Code   RO         1929    .ARM.Collect$$libshutdown$$0000000A  c_w.l(libshutdown2.o)
    0x08000296   0x08000296   0x00000000   Code   RO         1931    .ARM.Collect$$libshutdown$$0000000C  c_w.l(libshutdown2.o)
    0x08000296   0x08000296   0x00000000   Code   RO         1934    .ARM.Collect$$libshutdown$$0000000F  c_w.l(libshutdown2.o)
    0x08000296   0x08000296   0x00000002   Code   RO         1935    .ARM.Collect$$libshutdown$$00000010  c_w.l(libshutdown2.o)
    0x08000298   0x08000298   0x00000000   Code   RO         1688    .ARM.Collect$$rtentry$$00000000  c_w.l(__rtentry.o)
    0x08000298   0x08000298   0x00000000   Code   RO         1757    .ARM.Collect$$rtentry$$00000002  c_w.l(__rtentry2.o)
    0x08000298   0x08000298   0x00000006   Code   RO         1769    .ARM.Collect$$rtentry$$00000004  c_w.l(__rtentry4.o)
    0x0800029e   0x0800029e   0x00000000   Code   RO         1759    .ARM.Collect$$rtentry$$00000009  c_w.l(__rtentry2.o)
    0x0800029e   0x0800029e   0x00000004   Code   RO         1760    .ARM.Collect$$rtentry$$0000000A  c_w.l(__rtentry2.o)
    0x080002a2   0x080002a2   0x00000000   Code   RO         1762    .ARM.Collect$$rtentry$$0000000C  c_w.l(__rtentry2.o)
    0x080002a2   0x080002a2   0x00000008   Code   RO         1763    .ARM.Collect$$rtentry$$0000000D  c_w.l(__rtentry2.o)
    0x080002aa   0x080002aa   0x00000002   Code   RO         1842    .ARM.Collect$$rtexit$$00000000  c_w.l(rtexit.o)
    0x080002ac   0x080002ac   0x00000000   Code   RO         1895    .ARM.Collect$$rtexit$$00000002  c_w.l(rtexit2.o)
    0x080002ac   0x080002ac   0x00000004   Code   RO         1896    .ARM.Collect$$rtexit$$00000003  c_w.l(rtexit2.o)
    0x080002b0   0x080002b0   0x00000006   Code   RO         1897    .ARM.Collect$$rtexit$$00000004  c_w.l(rtexit2.o)
    0x080002b6   0x080002b6   0x00000002   PAD
    0x080002b8   0x080002b8   0x00000096   Code   RO          897    .emb_text           port.o
    0x0800034e   0x0800034e   0x00000002   PAD
    0x08000350   0x08000350   0x00000170   Code   RO            1    .text               main.o
    0x080004c0   0x080004c0   0x0000000c   Code   RO          212    .text               stm32f10x_it.o
    0x080004cc   0x080004cc   0x00000120   Code   RO          310    .text               system_stm32f10x.o
    0x080005ec   0x080005ec   0x000000fc   Code   RO          328    .text               adc.o
    0x080006e8   0x080006e8   0x000000f8   Code   RO          340    .text               encoder.o
    0x080007e0   0x080007e0   0x000006a8   Code   RO          446    .text               gpio.o
    0x08000e88   0x08000e88   0x000004ac   Code   RO          474    .text               sd.o
    0x08001334   0x08001334   0x000000dc   Code   RO          528    .text               spi.o
    0x08001410   0x08001410   0x000000c4   Code   RO          560    .text               usart.o
    0x080014d4   0x080014d4   0x000000d8   Code   RO          609    .text               delay.o
    0x080015ac   0x080015ac   0x00000040   Code   RO          649    .text               startup_stm32f10x_hd.o
    0x080015ec   0x080015ec   0x000000b0   Code   RO          653    .text               misc.o
    0x0800169c   0x0800169c   0x00000264   Code   RO          665    .text               stm32f10x_gpio.o
    0x08001900   0x08001900   0x000002b8   Code   RO          677    .text               stm32f10x_rcc.o
    0x08001bb8   0x08001bb8   0x00000328   Code   RO          691    .text               stm32f10x_usart.o
    0x08001ee0   0x08001ee0   0x00000af0   Code   RO          703    .text               stm32f10x_tim.o
    0x080029d0   0x080029d0   0x000000e8   Code   RO          716    .text               stm32f10x_exti.o
    0x08002ab8   0x08002ab8   0x00000330   Code   RO          728    .text               stm32f10x_adc.o
    0x08002de8   0x08002de8   0x00000274   Code   RO          752    .text               stm32f10x_spi.o
    0x0800305c   0x0800305c   0x0000031c   Code   RO          773    .text               event_groups.o
    0x08003378   0x08003378   0x00000088   Code   RO          816    .text               list.o
    0x08003400   0x08003400   0x00000a98   Code   RO          828    .text               queue.o
    0x08003e98   0x08003e98   0x000010f8   Code   RO          850    .text               tasks.o
    0x08004f90   0x08004f90   0x00000518   Code   RO          882    .text               timers.o
    0x080054a8   0x080054a8   0x000001f8   Code   RO          898    .text               port.o
    0x080056a0   0x080056a0   0x00000214   Code   RO          928    .text               heap_4.o
    0x080058b4   0x080058b4   0x000001ec   Code   RO          943    .text               mb.o
    0x08005aa0   0x08005aa0   0x0000012c   Code   RO          992    .text               mbfunccoils.o
    0x08005bcc   0x08005bcc   0x00000072   Code   RO         1011    .text               mbfuncdisc.o
    0x08005c3e   0x08005c3e   0x00000180   Code   RO         1023    .text               mbfuncholding.o
    0x08005dbe   0x08005dbe   0x00000062   Code   RO         1035    .text               mbfuncinput.o
    0x08005e20   0x08005e20   0x00000064   Code   RO         1047    .text               mbfuncother.o
    0x08005e84   0x08005e84   0x00000064   Code   RO         1062    .text               mbutils.o
    0x08005ee8   0x08005ee8   0x0000002c   Code   RO         1074    .text               mbcrc.o
    0x08005f14   0x08005f14   0x00000218   Code   RO         1088    .text               mbrtu.o
    0x0800612c   0x0800612c   0x00000314   Code   RO         1107    .text               user_mb_app.o
    0x08006440   0x08006440   0x00000034   Code   RO         1198    .text               portevent.o
    0x08006474   0x08006474   0x000001ac   Code   RO         1212    .text               portserial.o
    0x08006620   0x08006620   0x000000f8   Code   RO         1224    .text               porttimer.o
    0x08006718   0x08006718   0x00000168   Code   RO         1236    .text               elog_port.o
    0x08006880   0x08006880   0x00000e9c   Code   RO         1265    .text               elog.o
    0x0800771c   0x0800771c   0x00000160   Code   RO         1297    .text               elog_async.o
    0x0800787c   0x0800787c   0x0000023c   Code   RO         1318    .text               elog_utils.o
    0x08007ab8   0x08007ab8   0x00000378   Code   RO         1331    .text               input_gpio.o
    0x08007e30   0x08007e30   0x00000258   Code   RO         1351    .text               output_gpio.o
    0x08008088   0x08008088   0x00001200   Code   RO         1365    .text               oil.o
    0x08009288   0x08009288   0x00000002   Code   RO         1556    .text               c_w.l(use_no_semi_2.o)
    0x0800928a   0x0800928a   0x00000002   PAD
    0x0800928c   0x0800928c   0x00000034   Code   RO         1558    .text               c_w.l(vsnprintf.o)
    0x080092c0   0x080092c0   0x00000018   Code   RO         1560    .text               c_w.l(__2printf.o)
    0x080092d8   0x080092d8   0x00000038   Code   RO         1562    .text               c_w.l(__2snprintf.o)
    0x08009310   0x08009310   0x0000004e   Code   RO         1570    .text               c_w.l(_printf_pad.o)
    0x0800935e   0x0800935e   0x00000052   Code   RO         1572    .text               c_w.l(_printf_str.o)
    0x080093b0   0x080093b0   0x00000078   Code   RO         1574    .text               c_w.l(_printf_dec.o)
    0x08009428   0x08009428   0x00000094   Code   RO         1594    .text               c_w.l(_printf_hex_int_ll_ptr.o)
    0x080094bc   0x080094bc   0x00000188   Code   RO         1614    .text               c_w.l(__printf_flags_ss_wp.o)
    0x08009644   0x08009644   0x00000024   Code   RO         1622    .text               c_w.l(strstr.o)
    0x08009668   0x08009668   0x0000003e   Code   RO         1624    .text               c_w.l(strlen.o)
    0x080096a6   0x080096a6   0x00000014   Code   RO         1626    .text               c_w.l(memchr.o)
    0x080096ba   0x080096ba   0x00000096   Code   RO         1628    .text               c_w.l(strncmp.o)
    0x08009750   0x08009750   0x0000008a   Code   RO         1630    .text               c_w.l(rt_memcpy_v6.o)
    0x080097da   0x080097da   0x00000010   Code   RO         1632    .text               c_w.l(aeabi_memset.o)
    0x080097ea   0x080097ea   0x00000044   Code   RO         1634    .text               c_w.l(rt_memclr.o)
    0x0800982e   0x0800982e   0x00000056   Code   RO         1636    .text               c_w.l(strncpy.o)
    0x08009884   0x08009884   0x00000006   Code   RO         1638    .text               c_w.l(heapauxi.o)
    0x0800988a   0x0800988a   0x00000002   Code   RO         1686    .text               c_w.l(use_no_semi.o)
    0x0800988c   0x0800988c   0x00000024   Code   RO         1689    .text               c_w.l(_printf_truncate.o)
    0x080098b0   0x080098b0   0x000000b2   Code   RO         1691    .text               c_w.l(_printf_intcommon.o)
    0x08009962   0x08009962   0x00000028   Code   RO         1693    .text               c_w.l(_printf_charcount.o)
    0x0800998a   0x0800998a   0x00000002   PAD
    0x0800998c   0x0800998c   0x00000030   Code   RO         1695    .text               c_w.l(_printf_char_common.o)
    0x080099bc   0x080099bc   0x0000000a   Code   RO         1697    .text               c_w.l(_sputc.o)
    0x080099c6   0x080099c6   0x00000010   Code   RO         1699    .text               c_w.l(_snputc.o)
    0x080099d6   0x080099d6   0x0000002c   Code   RO         1701    .text               c_w.l(_printf_char.o)
    0x08009a02   0x08009a02   0x00000002   PAD
    0x08009a04   0x08009a04   0x00000024   Code   RO         1703    .text               c_w.l(_printf_char_file.o)
    0x08009a28   0x08009a28   0x000000bc   Code   RO         1705    .text               c_w.l(_printf_wctomb.o)
    0x08009ae4   0x08009ae4   0x0000007c   Code   RO         1708    .text               c_w.l(_printf_longlong_dec.o)
    0x08009b60   0x08009b60   0x00000070   Code   RO         1714    .text               c_w.l(_printf_oct_int_ll.o)
    0x08009bd0   0x08009bd0   0x00000064   Code   RO         1735    .text               c_w.l(rt_memcpy_w.o)
    0x08009c34   0x08009c34   0x0000004e   Code   RO         1737    .text               c_w.l(rt_memclr_w.o)
    0x08009c82   0x08009c82   0x0000008a   Code   RO         1771    .text               c_w.l(lludiv10.o)
    0x08009d0c   0x08009d0c   0x0000041e   Code   RO         1773    .text               c_w.l(_printf_fp_dec.o)
    0x0800a12a   0x0800a12a   0x00000002   PAD
    0x0800a12c   0x0800a12c   0x000002fc   Code   RO         1775    .text               c_w.l(_printf_fp_hex.o)
    0x0800a428   0x0800a428   0x0000002c   Code   RO         1780    .text               c_w.l(_printf_wchar.o)
    0x0800a454   0x0800a454   0x00000008   Code   RO         1782    .text               c_w.l(ferror.o)
    0x0800a45c   0x0800a45c   0x00000040   Code   RO         1786    .text               c_w.l(_wcrtomb.o)
    0x0800a49c   0x0800a49c   0x0000004a   Code   RO         1788    .text               c_w.l(sys_stackheap_outer.o)
    0x0800a4e6   0x0800a4e6   0x00000002   PAD
    0x0800a4e8   0x0800a4e8   0x00000010   Code   RO         1790    .text               c_w.l(rt_ctype_table.o)
    0x0800a4f8   0x0800a4f8   0x00000008   Code   RO         1795    .text               c_w.l(rt_locale_intlibspace.o)
    0x0800a500   0x0800a500   0x00000080   Code   RO         1797    .text               c_w.l(_printf_fp_infnan.o)
    0x0800a580   0x0800a580   0x000000e4   Code   RO         1799    .text               c_w.l(bigflt0.o)
    0x0800a664   0x0800a664   0x00000012   Code   RO         1827    .text               c_w.l(exit.o)
    0x0800a676   0x0800a676   0x00000002   PAD
    0x0800a678   0x0800a678   0x00000008   Code   RO         1839    .text               c_w.l(libspace.o)
    0x0800a680   0x0800a680   0x00000080   Code   RO         1847    .text               c_w.l(strcmpv7m.o)
    0x0800a700   0x0800a700   0x0000003e   Code   RO         1802    CL$$btod_d2e        c_w.l(btod.o)
    0x0800a73e   0x0800a73e   0x00000046   Code   RO         1804    CL$$btod_d2e_denorm_low  c_w.l(btod.o)
    0x0800a784   0x0800a784   0x00000060   Code   RO         1803    CL$$btod_d2e_norm_op1  c_w.l(btod.o)
    0x0800a7e4   0x0800a7e4   0x00000338   Code   RO         1812    CL$$btod_div_common  c_w.l(btod.o)
    0x0800ab1c   0x0800ab1c   0x000000dc   Code   RO         1809    CL$$btod_e2e        c_w.l(btod.o)
    0x0800abf8   0x0800abf8   0x0000002a   Code   RO         1806    CL$$btod_ediv       c_w.l(btod.o)
    0x0800ac22   0x0800ac22   0x0000002a   Code   RO         1805    CL$$btod_emul       c_w.l(btod.o)
    0x0800ac4c   0x0800ac4c   0x00000244   Code   RO         1811    CL$$btod_mult_common  c_w.l(btod.o)
    0x0800ae90   0x0800ae90   0x00000028   Code   RO         1837    i.__ARM_fpclassify  m_ws.l(fpclassify.o)
    0x0800aeb8   0x0800aeb8   0x0000000e   Code   RO         1607    i._is_digit         c_w.l(__printf_wp.o)
    0x0800aec6   0x0800aec6   0x00000002   PAD
    0x0800aec8   0x0800aec8   0x0000002c   Code   RO         1825    locale$$code        c_w.l(lc_numeric_c.o)
    0x0800aef4   0x0800aef4   0x0000002c   Code   RO         1845    locale$$code        c_w.l(lc_ctype_c.o)
    0x0800af20   0x0800af20   0x00000062   Code   RO         1642    x$fpl$d2f           fz_ws.l(d2f.o)
    0x0800af82   0x0800af82   0x00000002   PAD
    0x0800af84   0x0800af84   0x00000150   Code   RO         1644    x$fpl$dadd          fz_ws.l(daddsub_clz.o)
    0x0800b0d4   0x0800b0d4   0x000002b0   Code   RO         1651    x$fpl$ddiv          fz_ws.l(ddiv.o)
    0x0800b384   0x0800b384   0x0000002e   Code   RO         1655    x$fpl$dflt          fz_ws.l(dflt_clz.o)
    0x0800b3b2   0x0800b3b2   0x00000026   Code   RO         1654    x$fpl$dfltu         fz_ws.l(dflt_clz.o)
    0x0800b3d8   0x0800b3d8   0x00000154   Code   RO         1660    x$fpl$dmul          fz_ws.l(dmul.o)
    0x0800b52c   0x0800b52c   0x0000009c   Code   RO         1739    x$fpl$dnaninf       fz_ws.l(dnaninf.o)
    0x0800b5c8   0x0800b5c8   0x0000000c   Code   RO         1741    x$fpl$dretinf       fz_ws.l(dretinf.o)
    0x0800b5d4   0x0800b5d4   0x000001d4   Code   RO         1646    x$fpl$dsub          fz_ws.l(daddsub_clz.o)
    0x0800b7a8   0x0800b7a8   0x00000056   Code   RO         1662    x$fpl$f2d           fz_ws.l(f2d.o)
    0x0800b7fe   0x0800b7fe   0x00000002   PAD
    0x0800b800   0x0800b800   0x000000c4   Code   RO         1664    x$fpl$fadd          fz_ws.l(faddsub_clz.o)
    0x0800b8c4   0x0800b8c4   0x00000184   Code   RO         1671    x$fpl$fdiv          fz_ws.l(fdiv.o)
    0x0800ba48   0x0800ba48   0x0000003e   Code   RO         1674    x$fpl$ffixu         fz_ws.l(ffixu.o)
    0x0800ba86   0x0800ba86   0x00000002   PAD
    0x0800ba88   0x0800ba88   0x00000030   Code   RO         1679    x$fpl$fflt          fz_ws.l(fflt_clz.o)
    0x0800bab8   0x0800bab8   0x00000026   Code   RO         1678    x$fpl$ffltu         fz_ws.l(fflt_clz.o)
    0x0800bade   0x0800bade   0x00000002   PAD
    0x0800bae0   0x0800bae0   0x00000102   Code   RO         1684    x$fpl$fmul          fz_ws.l(fmul.o)
    0x0800bbe2   0x0800bbe2   0x0000008c   Code   RO         1743    x$fpl$fnaninf       fz_ws.l(fnaninf.o)
    0x0800bc6e   0x0800bc6e   0x0000000a   Code   RO         1745    x$fpl$fretinf       fz_ws.l(fretinf.o)
    0x0800bc78   0x0800bc78   0x000000ea   Code   RO         1666    x$fpl$fsub          fz_ws.l(faddsub_clz.o)
    0x0800bd62   0x0800bd62   0x00000004   Code   RO         1747    x$fpl$printf1       fz_ws.l(printf1.o)
    0x0800bd66   0x0800bd66   0x00000004   Code   RO         1749    x$fpl$printf2       fz_ws.l(printf2.o)
    0x0800bd6a   0x0800bd6a   0x00000000   Code   RO         1755    x$fpl$usenofp       fz_ws.l(usenofp.o)
    0x0800bd6a   0x0800bd6a   0x00000019   Data   RO            2    .constdata          main.o
    0x0800bd83   0x0800bd83   0x00000015   Data   RO          448    .constdata          gpio.o
    0x0800bd98   0x0800bd98   0x00000200   Data   RO         1075    .constdata          mbcrc.o
    0x0800bf98   0x0800bf98   0x00000058   Data   RO         1109    .constdata          user_mb_app.o
    0x0800bff0   0x0800bff0   0x000000c6   Data   RO         1267    .constdata          elog.o
    0x0800c0b6   0x0800c0b6   0x00000023   Data   RO         1319    .constdata          elog_utils.o
    0x0800c0d9   0x0800c0d9   0x00000182   Data   RO         1367    .constdata          oil.o
    0x0800c25b   0x0800c25b   0x00000028   Data   RO         1595    .constdata          c_w.l(_printf_hex_int_ll_ptr.o)
    0x0800c283   0x0800c283   0x00000011   Data   RO         1615    .constdata          c_w.l(__printf_flags_ss_wp.o)
    0x0800c294   0x0800c294   0x00000008   Data   RO         1706    .constdata          c_w.l(_printf_wctomb.o)
    0x0800c29c   0x0800c29c   0x00000026   Data   RO         1776    .constdata          c_w.l(_printf_fp_hex.o)
    0x0800c2c2   0x0800c2c2   0x00000002   PAD
    0x0800c2c4   0x0800c2c4   0x00000094   Data   RO         1800    .constdata          c_w.l(bigflt0.o)
    0x0800c358   0x0800c358   0x00000017   Data   RO         1268    .conststring        elog.o
    0x0800c36f   0x0800c36f   0x00000001   PAD
    0x0800c370   0x0800c370   0x00000020   Data   RO         1967    Region$$Table       anon$$obj.o
    0x0800c390   0x0800c390   0x0000001c   Data   RO         1824    locale$$data        c_w.l(lc_numeric_c.o)
    0x0800c3ac   0x0800c3ac   0x00000110   Data   RO         1844    locale$$data        c_w.l(lc_ctype_c.o)


    Execution Region RW_IRAM1 (Exec base: 0x20000000, Load base: 0x0800c4bc, Size: 0x000098d0, Max: 0x0000c000, ABSOLUTE, COMPRESSED[0x00000094])

    Exec Addr    Load Addr    Size         Type   Attr      Idx    E Section Name        Object

    0x20000000   COMPRESSED   0x00000014   Data   RW          311    .data               system_stm32f10x.o
    0x20000014   COMPRESSED   0x00000002   Data   RW          341    .data               encoder.o
    0x20000016   COMPRESSED   0x00000002   PAD
    0x20000018   COMPRESSED   0x0000000c   Data   RW          449    .data               gpio.o
    0x20000024   COMPRESSED   0x00000001   Data   RW          475    .data               sd.o
    0x20000025   COMPRESSED   0x00000003   PAD
    0x20000028   COMPRESSED   0x00000004   Data   RW          561    .data               usart.o
    0x2000002c   COMPRESSED   0x00000004   Data   RW          610    .data               delay.o
    0x20000030   COMPRESSED   0x00000014   Data   RW          678    .data               stm32f10x_rcc.o
    0x20000044   COMPRESSED   0x0000003c   Data   RW          852    .data               tasks.o
    0x20000080   COMPRESSED   0x00000014   Data   RW          884    .data               timers.o
    0x20000094   COMPRESSED   0x0000000c   Data   RW          899    .data               port.o
    0x200000a0   COMPRESSED   0x00000018   Data   RW          930    .data               heap_4.o
    0x200000b8   COMPRESSED   0x000000ac   Data   RW          944    .data               mb.o
    0x20000164   COMPRESSED   0x00000002   Data   RW         1049    .data               mbfuncother.o
    0x20000166   COMPRESSED   0x00000002   PAD
    0x20000168   COMPRESSED   0x0000000c   Data   RW         1090    .data               mbrtu.o
    0x20000174   COMPRESSED   0x000000d8   Data   RW         1110    .data               user_mb_app.o
    0x2000024c   COMPRESSED   0x00000002   Data   RW         1199    .data               portevent.o
    0x2000024e   COMPRESSED   0x00000002   PAD
    0x20000250   COMPRESSED   0x00000008   Data   RW         1238    .data               elog_port.o
    0x20000258   COMPRESSED   0x0000001c   Data   RW         1269    .data               elog.o
    0x20000274   COMPRESSED   0x0000000c   Data   RW         1299    .data               elog_async.o
    0x20000280   COMPRESSED   0x00000048   Data   RW         1368    .data               oil.o
    0x200002c8        -       0x0000004c   Zero   RW          447    .bss                gpio.o
    0x20000314        -       0x00000012   Zero   RW          529    .bss                spi.o
    0x20000326   COMPRESSED   0x00000002   PAD
    0x20000328        -       0x00000040   Zero   RW          829    .bss                queue.o
    0x20000368        -       0x000002e4   Zero   RW          851    .bss                tasks.o
    0x2000064c        -       0x00000028   Zero   RW          883    .bss                timers.o
    0x20000674        -       0x00007800   Zero   RW          929    .bss                heap_4.o
    0x20007e74        -       0x00000020   Zero   RW         1048    .bss                mbfuncother.o
    0x20007e94        -       0x00000100   Zero   RW         1089    .bss                mbrtu.o
    0x20007f94        -       0x00000078   Zero   RW         1108    .bss                user_mb_app.o
    0x2000800c        -       0x00000110   Zero   RW         1237    .bss                elog_port.o
    0x2000811c        -       0x000001a4   Zero   RW         1266    .bss                elog.o
    0x200082c0        -       0x00000a00   Zero   RW         1298    .bss                elog_async.o
    0x20008cc0        -       0x00000068   Zero   RW         1332    .bss                input_gpio.o
    0x20008d28        -       0x00000098   Zero   RW         1352    .bss                output_gpio.o
    0x20008dc0        -       0x000004b0   Zero   RW         1366    .bss                oil.o
    0x20009270        -       0x00000060   Zero   RW         1840    .bss                c_w.l(libspace.o)
    0x200092d0        -       0x00000200   Zero   RW          647    HEAP                startup_stm32f10x_hd.o
    0x200094d0        -       0x00000400   Zero   RW          646    STACK               startup_stm32f10x_hd.o


==============================================================================

Image component sizes


      Code (inc. data)   RO Data    RW Data    ZI Data      Debug   Object Name

       252         12          0          0          0       1123   adc.o
       216         12          0          4          0       2169   delay.o
      3740        746        221         28        420      13174   elog.o
       352          8          0         12       2560       3172   elog_async.o
       360         62          0          8        272       8131   elog_port.o
       572        108         35          0          0       2177   elog_utils.o
       248          8          0          2          0     235118   encoder.o
       796         48          0          0          0      18392   event_groups.o
      1704        178         21         12         76      11375   gpio.o
       532         66          0         24      30720       3448   heap_4.o
       888        426          0          0        104       4568   input_gpio.o
       136          0          0          0          0       1826   list.o
       368         98         25          0          0     258204   main.o
       492         32          0        172          0       8761   mb.o
        44          6        512          0          0       1268   mbcrc.o
       300          0          0          0          0       4828   mbfunccoils.o
       114          0          0          0          0       1700   mbfuncdisc.o
       384          0          0          0          0       4437   mbfuncholding.o
        98          0          0          0          0       1663   mbfuncinput.o
       100         10          0          2         32       1881   mbfuncother.o
       536         14          0         12        256       3973   mbrtu.o
       100          0          0          0          0       1930   mbutils.o
       176         14          0          0          0       1921   misc.o
      4608       1282        386         72       1200      24090   oil.o
       600         24          0          0        152       3370   output_gpio.o
       654         94          0         12          0       7753   port.o
        52          6          0          2          0       1612   portevent.o
       428         16          0          0          0       2528   portserial.o
       248         14          0          0          0       1781   porttimer.o
      2712         52          0          0         64      18797   queue.o
      1196         18          0          1          0     222712   sd.o
       220         14          0          0         18       1313   spi.o
        64         26        304          0       1536        800   startup_stm32f10x_hd.o
       816         24          0          0          0      11373   stm32f10x_adc.o
       232          8          0          0          0       2427   stm32f10x_exti.o
       612         36          0          0          0       6049   stm32f10x_gpio.o
        12          0          0          0          0      51347   stm32f10x_it.o
       696         32          0         20          0       9040   stm32f10x_rcc.o
       628         14          0          0          0       7070   stm32f10x_spi.o
      2800         84          0          0          0      23986   stm32f10x_tim.o
       808         22          0          0          0       8916   stm32f10x_usart.o
         0          0          0          0          0         32   sys.o
       288         32          0         20          0       1815   system_stm32f10x.o
      4344        170          0         60        740      30335   tasks.o
      1304        128          0         20         40       9080   timers.o
       196         10          0          4          0      13023   usart.o
       788        134         88        216        120      10894   user_mb_app.o

    ----------------------------------------------------------------------
     36816       4088       1625        712      38312    1065382   Object Totals
         0          0         32          0          0          0   (incl. Generated)
         2          0          1          9          2          0   (incl. Padding)

    ----------------------------------------------------------------------

      Code (inc. data)   RO Data    RW Data    ZI Data      Debug   Library Member Name

        24          4          0          0          0         84   __2printf.o
        56          6          0          0          0         88   __2snprintf.o
        90          0          0          0          0          0   __dczerorl2.o
         8          0          0          0          0         68   __main.o
       392          4         17          0          0         92   __printf_flags_ss_wp.o
        14          0          0          0          0         68   __printf_wp.o
         0          0          0          0          0          0   __rtentry.o
        12          0          0          0          0          0   __rtentry2.o
         6          0          0          0          0          0   __rtentry4.o
        52          8          0          0          0          0   __scatter.o
        28          0          0          0          0          0   __scatter_zi.o
         6          0          0          0          0          0   _printf_a.o
         6          0          0          0          0          0   _printf_c.o
        44          0          0          0          0        108   _printf_char.o
        48          6          0          0          0         96   _printf_char_common.o
        36          4          0          0          0         80   _printf_char_file.o
        40          0          0          0          0         68   _printf_charcount.o
         6          0          0          0          0          0   _printf_d.o
       120         16          0          0          0         92   _printf_dec.o
         6          0          0          0          0          0   _printf_e.o
         6          0          0          0          0          0   _printf_f.o
      1054          0          0          0          0        216   _printf_fp_dec.o
       764          8         38          0          0        100   _printf_fp_hex.o
       128         16          0          0          0         84   _printf_fp_infnan.o
         6          0          0          0          0          0   _printf_g.o
       148          4         40          0          0        160   _printf_hex_int_ll_ptr.o
         6          0          0          0          0          0   _printf_i.o
       178          0          0          0          0         88   _printf_intcommon.o
        10          0          0          0          0          0   _printf_l.o
         6          0          0          0          0          0   _printf_lc.o
        10          0          0          0          0          0   _printf_ll.o
         6          0          0          0          0          0   _printf_lld.o
         6          0          0          0          0          0   _printf_lli.o
         6          0          0          0          0          0   _printf_llo.o
         6          0          0          0          0          0   _printf_llu.o
         6          0          0          0          0          0   _printf_llx.o
       124         16          0          0          0         92   _printf_longlong_dec.o
         6          0          0          0          0          0   _printf_ls.o
         6          0          0          0          0          0   _printf_n.o
         6          0          0          0          0          0   _printf_o.o
       112         10          0          0          0        124   _printf_oct_int_ll.o
         6          0          0          0          0          0   _printf_p.o
        78          0          0          0          0        108   _printf_pad.o
         0          0          0          0          0          0   _printf_percent.o
         4          0          0          0          0          0   _printf_percent_end.o
         6          0          0          0          0          0   _printf_s.o
        82          0          0          0          0         80   _printf_str.o
        36          0          0          0          0         84   _printf_truncate.o
         6          0          0          0          0          0   _printf_u.o
        44          0          0          0          0        108   _printf_wchar.o
       188          6          8          0          0         92   _printf_wctomb.o
         6          0          0          0          0          0   _printf_x.o
        16          0          0          0          0         68   _snputc.o
        10          0          0          0          0         68   _sputc.o
        64          0          0          0          0         92   _wcrtomb.o
        16          0          0          0          0         68   aeabi_memset.o
       228          4        148          0          0         96   bigflt0.o
      1936        128          0          0          0        672   btod.o
        18          0          0          0          0         80   exit.o
         8          0          0          0          0         68   ferror.o
         6          0          0          0          0        152   heapauxi.o
        44         10        272          0          0         76   lc_ctype_c.o
        44         10         28          0          0         76   lc_numeric_c.o
         2          0          0          0          0          0   libinit.o
        30          0          0          0          0          0   libinit2.o
         2          0          0          0          0          0   libshutdown.o
         2          0          0          0          0          0   libshutdown2.o
         8          4          0          0         96         68   libspace.o
       138          0          0          0          0         80   lludiv10.o
        20          0          0          0          0         68   memchr.o
        16          4          0          0          0         76   rt_ctype_table.o
         8          4          0          0          0         68   rt_locale_intlibspace.o
        68          0          0          0          0         68   rt_memclr.o
        78          0          0          0          0         80   rt_memclr_w.o
       138          0          0          0          0         68   rt_memcpy_v6.o
       100          0          0          0          0         80   rt_memcpy_w.o
         2          0          0          0          0          0   rtexit.o
        10          0          0          0          0          0   rtexit2.o
       128          0          0          0          0         68   strcmpv7m.o
        62          0          0          0          0         76   strlen.o
       150          0          0          0          0         80   strncmp.o
        86          0          0          0          0         76   strncpy.o
        36          0          0          0          0         80   strstr.o
        74          0          0          0          0         80   sys_stackheap_outer.o
         2          0          0          0          0         68   use_no_semi.o
         2          0          0          0          0         68   use_no_semi_2.o
        52          4          0          0          0         80   vsnprintf.o
        98          4          0          0          0         92   d2f.o
       804         16          0          0          0        272   daddsub_clz.o
       688        140          0          0          0        208   ddiv.o
        84          0          0          0          0        136   dflt_clz.o
       340         12          0          0          0        104   dmul.o
       156          4          0          0          0         92   dnaninf.o
        12          0          0          0          0         68   dretinf.o
        86          4          0          0          0         84   f2d.o
       430          8          0          0          0        168   faddsub_clz.o
       388         76          0          0          0         96   fdiv.o
        62          4          0          0          0         84   ffixu.o
        86          0          0          0          0        136   fflt_clz.o
       258          4          0          0          0         84   fmul.o
       140          4          0          0          0         84   fnaninf.o
        10          0          0          0          0         68   fretinf.o
         4          0          0          0          0         68   printf1.o
         4          0          0          0          0         68   printf2.o
         0          0          0          0          0          0   usenofp.o
        40          0          0          0          0         68   fpclassify.o

    ----------------------------------------------------------------------
     11370        552        553          0         96       7008   Library Totals
        26          0          2          0          0          0   (incl. Padding)

    ----------------------------------------------------------------------

      Code (inc. data)   RO Data    RW Data    ZI Data      Debug   Library Name

      7654        276        551          0         96       5028   c_w.l
      3650        276          0          0          0       1912   fz_ws.l
        40          0          0          0          0         68   m_ws.l

    ----------------------------------------------------------------------
     11370        552        553          0         96       7008   Library Totals

    ----------------------------------------------------------------------

==============================================================================


      Code (inc. data)   RO Data    RW Data    ZI Data      Debug   

     48186       4640       2178        712      38408    1063598   Grand Totals
     48186       4640       2178        148      38408    1063598   ELF Image Totals (compressed)
     48186       4640       2178        148          0          0   ROM Totals

==============================================================================

    Total RO  Size (Code + RO Data)                50364 (  49.18kB)
    Total RW  Size (RW Data + ZI Data)             39120 (  38.20kB)
    Total ROM Size (Code + RO Data + RW Data)      50512 (  49.33kB)

==============================================================================

